
C:\Theseus\Tools\assignments_filler>venv\Scripts\activate.bat   && python sheetFiller.py   && deactivate
Traceback (most recent call last):
  File "sheetFiller.py", line 234, in <module>
    if __name__ == '__main__':
  File "sheetFiller.py", line 231, in main
    
  File "sheetFiller.py", line 88, in checker
    #print ("looping")
KeyboardInterrupt

C:\Theseus\Tools\assignments_filler>venv\Scripts\activate.bat   && python sheetFiller.py   && deactivate
Traceback (most recent call last):
  File "sheetFiller.py", line 235, in <module>
    main()
  File "sheetFiller.py", line 232, in main
    checker(service, contractName, nid, numberOfComments)
  File "sheetFiller.py", line 89, in checker
    time.sleep(refreshRate)
KeyboardInterrupt

C:\Theseus\Tools\assignments_filler>venv\Scripts\activate.bat   && python sheetFiller.py   && deactivate
Traceback (most recent call last):
  File "sheetFiller.py", line 235, in <module>
    main()
  File "sheetFiller.py", line 232, in main
    checker(service, contractName, nid, numberOfComments)
  File "sheetFiller.py", line 89, in checker
    time.sleep(refreshRate)
KeyboardInterrupt

C:\Theseus\Tools\assignments_filler>venv\Scripts\activate.bat   && python sheetFiller.py   && deactivate
Traceback (most recent call last):
  File "sheetFiller.py", line 235, in <module>
    main()
  File "sheetFiller.py", line 232, in main
    checker(service, contractName, nid, numberOfComments)
  File "sheetFiller.py", line 89, in checker
    time.sleep(refreshRate)
KeyboardInterrupt

C:\Theseus\Tools\assignments_filler>venv\Scripts\activate.bat   && python sheetFiller.py   && deactivate
Traceback (most recent call last):
  File "sheetFiller.py", line 235, in <module>
    
  File "sheetFiller.py", line 232, in main
    numberOfComments = len(commentList)
  File "sheetFiller.py", line 89, in checker
    break
KeyboardInterrupt

C:\Theseus\Tools\assignments_filler>venv\Scripts\activate.bat   && python sheetFiller.py   && deactivate
Traceback (most recent call last):
  File "sheetFiller.py", line 237, in <module>
    main()
  File "sheetFiller.py", line 234, in main
    checker(service, contractName, nid, numberOfComments)
  File "sheetFiller.py", line 91, in checker
    time.sleep(refreshRate)
KeyboardInterrupt

C:\Theseus\Tools\assignments_filler>venv\Scripts\activate.bat   && python sheetFiller.py   && deactivate
Traceback (most recent call last):
  File "sheetFiller.py", line 237, in <module>
    main()
  File "sheetFiller.py", line 234, in main
    checker(service, contractName, nid, numberOfComments)
  File "sheetFiller.py", line 91, in checker
    time.sleep(refreshRate)
KeyboardInterrupt

C:\Theseus\Tools\assignments_filler>venv\Scripts\activate.bat   && python sheetFiller.py   && deactivate
Traceback (most recent call last):
  File "sheetFiller.py", line 237, in <module>
    main()
  File "sheetFiller.py", line 234, in main
    checker(service, contractName, nid, numberOfComments)
  File "sheetFiller.py", line 91, in checker
    time.sleep(refreshRate)
KeyboardInterrupt

C:\Theseus\Tools\assignments_filler>venv\Scripts\activate.bat   && python sheetFiller.py   && deactivate
Traceback (most recent call last):
  File "sheetFiller.py", line 237, in <module>
    main()
  File "sheetFiller.py", line 225, in main
    writtenName = readSheet(service, readRange)
  File "sheetFiller.py", line 29, in readSheet
    range=range).execute()
  File "C:\Theseus\Tools\Assignments_Filler\venv\lib\site-packages\googleapiclient\_helpers.py", line 134, in positional_wrapper
    return wrapped(*args, **kwargs)
  File "C:\Theseus\Tools\Assignments_Filler\venv\lib\site-packages\googleapiclient\http.py", line 935, in execute
    raise HttpError(resp, content, uri=self.uri)
googleapiclient.errors.HttpError: <HttpError 400 when requesting https://sheets.googleapis.com/v4/spreadsheets/1pKLuJgnXrOUXp-1hzJaaWJAqsU6U3VMax-i2n2zeSDM/values/Team%20AssignmentsF33?alt=json returned "Unable to parse range: Team AssignmentsF33". Details: "Unable to parse range: Team AssignmentsF33">

C:\Theseus\Tools\assignments_filler>venv\Scripts\activate.bat   && python sheetFiller.py   && deactivate
Traceback (most recent call last):
  File "sheetFiller.py", line 237, in <module>
    main()
  File "sheetFiller.py", line 225, in main
    writtenName = readSheet(service, readRange)
  File "sheetFiller.py", line 29, in readSheet
    range=range).execute()
  File "C:\Theseus\Tools\Assignments_Filler\venv\lib\site-packages\googleapiclient\_helpers.py", line 134, in positional_wrapper
    return wrapped(*args, **kwargs)
  File "C:\Theseus\Tools\Assignments_Filler\venv\lib\site-packages\googleapiclient\http.py", line 935, in execute
    raise HttpError(resp, content, uri=self.uri)
googleapiclient.errors.HttpError: <HttpError 400 when requesting https://sheets.googleapis.com/v4/spreadsheets/1pKLuJgnXrOUXp-1hzJaaWJAqsU6U3VMax-i2n2zeSDM/values/Team%20AssignmentsF33?alt=json returned "Unable to parse range: Team AssignmentsF33". Details: "Unable to parse range: Team AssignmentsF33">

C:\Theseus\Tools\assignments_filler>venv\Scripts\activate.bat   && python sheetFiller.py   && deactivate
Traceback (most recent call last):
  File "sheetFiller.py", line 237, in <module>
    main()
  File "sheetFiller.py", line 225, in main
    writtenName = readSheet(service, readRange)
  File "sheetFiller.py", line 29, in readSheet
    range=range).execute()
  File "C:\Theseus\Tools\Assignments_Filler\venv\lib\site-packages\googleapiclient\_helpers.py", line 134, in positional_wrapper
    return wrapped(*args, **kwargs)
  File "C:\Theseus\Tools\Assignments_Filler\venv\lib\site-packages\googleapiclient\http.py", line 935, in execute
    raise HttpError(resp, content, uri=self.uri)
googleapiclient.errors.HttpError: <HttpError 400 when requesting https://sheets.googleapis.com/v4/spreadsheets/1pKLuJgnXrOUXp-1hzJaaWJAqsU6U3VMax-i2n2zeSDM/values/Team%20AssignmentsF33?alt=json returned "Unable to parse range: Team AssignmentsF33". Details: "Unable to parse range: Team AssignmentsF33">

C:\Theseus\Tools\assignments_filler>venv\Scripts\activate.bat   && python sheetFiller.py   && deactivate
Traceback (most recent call last):
  File "sheetFiller.py", line 237, in <module>
    main()
  File "sheetFiller.py", line 225, in main
    writtenName = readSheet(service, readRange)
  File "sheetFiller.py", line 29, in readSheet
    range=range).execute()
  File "C:\Theseus\Tools\Assignments_Filler\venv\lib\site-packages\googleapiclient\_helpers.py", line 134, in positional_wrapper
    return wrapped(*args, **kwargs)
  File "C:\Theseus\Tools\Assignments_Filler\venv\lib\site-packages\googleapiclient\http.py", line 935, in execute
    raise HttpError(resp, content, uri=self.uri)
googleapiclient.errors.HttpError: <HttpError 400 when requesting https://sheets.googleapis.com/v4/spreadsheets/1pKLuJgnXrOUXp-1hzJaaWJAqsU6U3VMax-i2n2zeSDM/values/Team%20AssignmentsF33?alt=json returned "Unable to parse range: Team AssignmentsF33". Details: "Unable to parse range: Team AssignmentsF33">

C:\Theseus\Tools\assignments_filler>venv\Scripts\activate.bat   && python sheetFiller.py   && deactivate
Traceback (most recent call last):
  File "sheetFiller.py", line 237, in <module>
    main()
  File "sheetFiller.py", line 234, in main
    checker(service, contractName, nid, numberOfComments)
  File "sheetFiller.py", line 91, in checker
    time.sleep(refreshRate)
KeyboardInterrupt

C:\Theseus\Tools\assignments_filler>venv\Scripts\activate.bat   && python sheetFiller.py   && deactivate
Traceback (most recent call last):
  File "sheetFiller.py", line 237, in <module>
    main()
  File "sheetFiller.py", line 234, in main
    checker(service, contractName, nid, numberOfComments)
  File "sheetFiller.py", line 91, in checker
    time.sleep(refreshRate)
KeyboardInterrupt

C:\Theseus\Tools\assignments_filler>venv\Scripts\activate.bat   && python sheetFiller.py   && deactivate
2021-05-10 12:00:51,676 [DEBUG]: URL being requested: GET https://sheets.googleapis.com/v4/spreadsheets/1pKLuJgnXrOUXp-1hzJaaWJAqsU6U3VMax-i2n2zeSDM/values/Team%20Assignments%21F33?alt=json
2021-05-10 12:00:52,043 [DEBUG]: new_auth_plugin: caching_sha2_password
2021-05-10 12:00:52,043 [DEBUG]: # request: b'\x8ei\x9a\xf1^\xc90\xa0M\x89{\xc0G\xe4\xbcBb\x8c\xef\xdf' size: 20
2021-05-10 12:00:52,043 [DEBUG]: # server response packet: bytearray(b'\x07\x00\x00\x05\x00\x00\x00\x02\x00\x00\x00')
2021-05-10 12:00:52,045 [DEBUG]: Query executed successfully: ** SELECT `nid`,`title` FROM drupal.node where title like "%Point Blank%"; 
2021-05-10 12:00:52,060 [DEBUG]: new_auth_plugin: caching_sha2_password
2021-05-10 12:00:52,061 [DEBUG]: # request: b'\x16\x97\x97\x82\xe2\xe4B\xe0\xdfH\xbbI!\x1a\xf9bz\x96\xec\x9e' size: 20
2021-05-10 12:00:52,061 [DEBUG]: # server response packet: bytearray(b'\x07\x00\x00\x05\x00\x00\x00\x02\x00\x00\x00')
2021-05-10 12:00:52,062 [DEBUG]: Query executed successfully: ** SELECT `changed` FROM drupal.comment where nid=701 ORDER BY changed DESC; 
2021-05-10 12:00:52,076 [DEBUG]: new_auth_plugin: caching_sha2_password
2021-05-10 12:00:52,076 [DEBUG]: # request: b'\x86j\xdbdi\x1a/\xe2\xe3\xe1\xab\xab\xe2Z@i^1!9' size: 20
2021-05-10 12:00:52,076 [DEBUG]: # server response packet: bytearray(b'\x07\x00\x00\x05\x00\x00\x00\x02\x00\x00\x00')
2021-05-10 12:00:52,078 [DEBUG]: Query executed successfully: ** SELECT `changed` FROM drupal.comment where nid=701 ORDER BY changed DESC; 
2021-05-10 12:00:52,078 [INFO]: Starting Checker
2021-05-10 12:00:52,078 [DEBUG]: pre-readSheet
2021-05-10 12:00:52,115 [DEBUG]: URL being requested: GET https://sheets.googleapis.com/v4/spreadsheets/1pKLuJgnXrOUXp-1hzJaaWJAqsU6U3VMax-i2n2zeSDM/values/Team%20Assignments%21F33?alt=json
2021-05-10 12:00:52,411 [DEBUG]: post-readSheet Point Blank
2021-05-10 12:00:52,424 [DEBUG]: new_auth_plugin: caching_sha2_password
2021-05-10 12:00:52,424 [DEBUG]: # request: b'\xa7\xfbG\xe0\x8e\x16\xe2\xcad\x94\xe2\x8b8\xa1Eg\x95\x14gQ' size: 20
2021-05-10 12:00:52,425 [DEBUG]: # server response packet: bytearray(b'\x07\x00\x00\x05\x00\x00\x00\x02\x00\x00\x00')
2021-05-10 12:00:52,426 [DEBUG]: Query executed successfully: ** SELECT `nid`,`title` FROM drupal.node where title like "%Point Blank%"; 
2021-05-10 12:00:52,439 [DEBUG]: new_auth_plugin: caching_sha2_password
2021-05-10 12:00:52,440 [DEBUG]: # request: b'\xc93\xf5\xdbB\xae\xdf\xbb\xf5\xf8\x92g\x1d2R\xc2f\xed\xe5K' size: 20
2021-05-10 12:00:52,440 [DEBUG]: # server response packet: bytearray(b'\x07\x00\x00\x05\x00\x00\x00\x02\x00\x00\x00')
2021-05-10 12:00:52,441 [DEBUG]: Query executed successfully: ** SELECT `changed` FROM drupal.comment where nid=701 ORDER BY changed DESC; 
2021-05-10 12:00:52,442 [DEBUG]: Point Blank - Point Blank
2021-05-10 12:01:02,443 [DEBUG]: pre-readSheet
2021-05-10 12:01:02,469 [DEBUG]: URL being requested: GET https://sheets.googleapis.com/v4/spreadsheets/1pKLuJgnXrOUXp-1hzJaaWJAqsU6U3VMax-i2n2zeSDM/values/Team%20Assignments%21F33?alt=json
2021-05-10 12:01:02,786 [DEBUG]: post-readSheet Point Blank
2021-05-10 12:01:02,799 [DEBUG]: new_auth_plugin: caching_sha2_password
2021-05-10 12:01:02,799 [DEBUG]: # request: b'x\xd6R\x14\xab\xbb\xc6$nx\xbf\xe1\x1c\xfaN\xd8N\xee\x86\x92' size: 20
2021-05-10 12:01:02,800 [DEBUG]: # server response packet: bytearray(b'\x07\x00\x00\x05\x00\x00\x00\x02\x00\x00\x00')
2021-05-10 12:01:02,801 [DEBUG]: Query executed successfully: ** SELECT `nid`,`title` FROM drupal.node where title like "%Point Blank%"; 
2021-05-10 12:01:02,815 [DEBUG]: new_auth_plugin: caching_sha2_password
2021-05-10 12:01:02,815 [DEBUG]: # request: b'\xfda9\x91\xb7BV9\x96%\x8e\xd2\xea7\xd0\x91\xc6t\xa8V' size: 20
2021-05-10 12:01:02,815 [DEBUG]: # server response packet: bytearray(b'\x07\x00\x00\x05\x00\x00\x00\x02\x00\x00\x00')
2021-05-10 12:01:02,817 [DEBUG]: Query executed successfully: ** SELECT `changed` FROM drupal.comment where nid=701 ORDER BY changed DESC; 
2021-05-10 12:01:02,817 [DEBUG]: Point Blank - Point Blank
2021-05-10 12:01:12,818 [DEBUG]: pre-readSheet
2021-05-10 12:01:12,845 [DEBUG]: URL being requested: GET https://sheets.googleapis.com/v4/spreadsheets/1pKLuJgnXrOUXp-1hzJaaWJAqsU6U3VMax-i2n2zeSDM/values/Team%20Assignments%21F33?alt=json
2021-05-10 12:01:13,158 [DEBUG]: post-readSheet Point Blank
2021-05-10 12:01:13,172 [DEBUG]: new_auth_plugin: caching_sha2_password
2021-05-10 12:01:13,172 [DEBUG]: # request: b'c\x8f%\xcc\x85\xa1\xc4l\x85\xb9\x14mZK\xe8\x08\xbdQ\xa7\xf6' size: 20
2021-05-10 12:01:13,172 [DEBUG]: # server response packet: bytearray(b'\x07\x00\x00\x05\x00\x00\x00\x02\x00\x00\x00')
2021-05-10 12:01:13,173 [DEBUG]: Query executed successfully: ** SELECT `nid`,`title` FROM drupal.node where title like "%Point Blank%"; 
2021-05-10 12:01:13,187 [DEBUG]: new_auth_plugin: caching_sha2_password
2021-05-10 12:01:13,187 [DEBUG]: # request: b'\x9f\xfeN\xdd2\xf7)J\x19\xd4\xe0\xa1Q?\xf5\xb9i~m\t' size: 20
2021-05-10 12:01:13,188 [DEBUG]: # server response packet: bytearray(b'\x07\x00\x00\x05\x00\x00\x00\x02\x00\x00\x00')
2021-05-10 12:01:13,189 [DEBUG]: Query executed successfully: ** SELECT `changed` FROM drupal.comment where nid=701 ORDER BY changed DESC; 
2021-05-10 12:01:13,190 [DEBUG]: Point Blank - Point Blank
2021-05-10 12:01:23,191 [DEBUG]: pre-readSheet
2021-05-10 12:01:23,217 [DEBUG]: URL being requested: GET https://sheets.googleapis.com/v4/spreadsheets/1pKLuJgnXrOUXp-1hzJaaWJAqsU6U3VMax-i2n2zeSDM/values/Team%20Assignments%21F33?alt=json
2021-05-10 12:01:23,532 [DEBUG]: post-readSheet Point Blank
2021-05-10 12:01:23,545 [DEBUG]: new_auth_plugin: caching_sha2_password
2021-05-10 12:01:23,545 [DEBUG]: # request: b"\xf4Rx\xe8\x19\xf5\x8c\x1c\x92\xa0Q'\x8c&\xaa\xdd\x9d7\xe5\xf4" size: 20
2021-05-10 12:01:23,545 [DEBUG]: # server response packet: bytearray(b'\x07\x00\x00\x05\x00\x00\x00\x02\x00\x00\x00')
2021-05-10 12:01:23,547 [DEBUG]: Query executed successfully: ** SELECT `nid`,`title` FROM drupal.node where title like "%Point Blank%"; 
2021-05-10 12:01:23,560 [DEBUG]: new_auth_plugin: caching_sha2_password
2021-05-10 12:01:23,561 [DEBUG]: # request: b'\t\x98\r\xc3\x80\n^\x0eg1\xb0\xb5\x02\xa9\xf27\x8d\xaf\x19\xba' size: 20
2021-05-10 12:01:23,561 [DEBUG]: # server response packet: bytearray(b'\x07\x00\x00\x05\x00\x00\x00\x02\x00\x00\x00')
2021-05-10 12:01:23,562 [DEBUG]: Query executed successfully: ** SELECT `changed` FROM drupal.comment where nid=701 ORDER BY changed DESC; 
2021-05-10 12:01:23,563 [DEBUG]: Point Blank - Point Blank
2021-05-10 12:01:33,564 [DEBUG]: pre-readSheet
2021-05-10 12:01:33,590 [DEBUG]: URL being requested: GET https://sheets.googleapis.com/v4/spreadsheets/1pKLuJgnXrOUXp-1hzJaaWJAqsU6U3VMax-i2n2zeSDM/values/Team%20Assignments%21F33?alt=json
2021-05-10 12:01:33,923 [DEBUG]: post-readSheet Point Blank
2021-05-10 12:01:33,937 [DEBUG]: new_auth_plugin: caching_sha2_password
2021-05-10 12:01:33,937 [DEBUG]: # request: b'|\xe7\xf5\xf2\xe7\xb5\x05H=6\xf7\xef\x96<l2\x90\xcd\x92G' size: 20
2021-05-10 12:01:33,937 [DEBUG]: # server response packet: bytearray(b'\x07\x00\x00\x05\x00\x00\x00\x02\x00\x00\x00')
2021-05-10 12:01:33,939 [DEBUG]: Query executed successfully: ** SELECT `nid`,`title` FROM drupal.node where title like "%Point Blank%"; 
2021-05-10 12:01:33,953 [DEBUG]: new_auth_plugin: caching_sha2_password
2021-05-10 12:01:33,953 [DEBUG]: # request: b'\x82\xd9\xe5\xee\\\xd8\x8e\xcaB\xd8\xb2AW\xbd\xbe\xa3\xdf\xa6\x16=' size: 20
2021-05-10 12:01:33,953 [DEBUG]: # server response packet: bytearray(b'\x07\x00\x00\x05\x00\x00\x00\x02\x00\x00\x00')
2021-05-10 12:01:33,954 [DEBUG]: Query executed successfully: ** SELECT `changed` FROM drupal.comment where nid=701 ORDER BY changed DESC; 
2021-05-10 12:01:33,955 [DEBUG]: Point Blank - Point Blank
2021-05-10 12:01:43,955 [DEBUG]: pre-readSheet
2021-05-10 12:01:43,983 [DEBUG]: URL being requested: GET https://sheets.googleapis.com/v4/spreadsheets/1pKLuJgnXrOUXp-1hzJaaWJAqsU6U3VMax-i2n2zeSDM/values/Team%20Assignments%21F33?alt=json
2021-05-10 12:01:44,533 [DEBUG]: post-readSheet Point Blank
2021-05-10 12:01:44,546 [DEBUG]: new_auth_plugin: caching_sha2_password
2021-05-10 12:01:44,546 [DEBUG]: # request: b'!\xc4\x1f^\x12\xc4\xacw\x86n\x1e\x15E\xbc@\xfb"\xf9n\xb1' size: 20
2021-05-10 12:01:44,547 [DEBUG]: # server response packet: bytearray(b'\x07\x00\x00\x05\x00\x00\x00\x02\x00\x00\x00')
2021-05-10 12:01:44,548 [DEBUG]: Query executed successfully: ** SELECT `nid`,`title` FROM drupal.node where title like "%Point Blank%"; 
2021-05-10 12:01:44,562 [DEBUG]: new_auth_plugin: caching_sha2_password
2021-05-10 12:01:44,563 [DEBUG]: # request: b'\xee\xc7\x9d\xb9\xa4\xc0\x82\r9\xf7\xca\xd7\xf7\xdd\x0c\xe9\x91\xceq\xd9' size: 20
2021-05-10 12:01:44,563 [DEBUG]: # server response packet: bytearray(b'\x07\x00\x00\x05\x00\x00\x00\x02\x00\x00\x00')
2021-05-10 12:01:44,564 [DEBUG]: Query executed successfully: ** SELECT `changed` FROM drupal.comment where nid=701 ORDER BY changed DESC; 
2021-05-10 12:01:44,565 [DEBUG]: Point Blank - Point Blank
2021-05-10 12:01:54,565 [DEBUG]: pre-readSheet
2021-05-10 12:01:54,591 [DEBUG]: URL being requested: GET https://sheets.googleapis.com/v4/spreadsheets/1pKLuJgnXrOUXp-1hzJaaWJAqsU6U3VMax-i2n2zeSDM/values/Team%20Assignments%21F33?alt=json
2021-05-10 12:01:54,902 [DEBUG]: post-readSheet Point Blank
2021-05-10 12:01:54,915 [DEBUG]: new_auth_plugin: caching_sha2_password
2021-05-10 12:01:54,915 [DEBUG]: # request: b'\x94\x85>\xba(\x1c\x86j!\x9b\xc4@\x91\xeb\x01\xd9\x9d\xb1\xa4y' size: 20
2021-05-10 12:01:54,916 [DEBUG]: # server response packet: bytearray(b'\x07\x00\x00\x05\x00\x00\x00\x02\x00\x00\x00')
2021-05-10 12:01:54,917 [DEBUG]: Query executed successfully: ** SELECT `nid`,`title` FROM drupal.node where title like "%Point Blank%"; 
2021-05-10 12:01:54,931 [DEBUG]: new_auth_plugin: caching_sha2_password
2021-05-10 12:01:54,931 [DEBUG]: # request: b'\xebj\x115rnl\xdf\xff4\xbb-\xb6H\xad1H\xe9+\xc0' size: 20
2021-05-10 12:01:54,931 [DEBUG]: # server response packet: bytearray(b'\x07\x00\x00\x05\x00\x00\x00\x02\x00\x00\x00')
2021-05-10 12:01:54,932 [DEBUG]: Query executed successfully: ** SELECT `changed` FROM drupal.comment where nid=701 ORDER BY changed DESC; 
2021-05-10 12:01:54,933 [DEBUG]: Point Blank - Point Blank
2021-05-10 12:02:04,934 [DEBUG]: pre-readSheet
2021-05-10 12:02:04,960 [DEBUG]: URL being requested: GET https://sheets.googleapis.com/v4/spreadsheets/1pKLuJgnXrOUXp-1hzJaaWJAqsU6U3VMax-i2n2zeSDM/values/Team%20Assignments%21F33?alt=json
2021-05-10 12:02:05,218 [DEBUG]: post-readSheet Point Blank
2021-05-10 12:02:05,232 [DEBUG]: new_auth_plugin: caching_sha2_password
2021-05-10 12:02:05,232 [DEBUG]: # request: b'\xe47]\x93\xfb6S\xb4Z>g\x9eW\xfb\xf58\x0e"\xd1\xde' size: 20
2021-05-10 12:02:05,232 [DEBUG]: # server response packet: bytearray(b'\x07\x00\x00\x05\x00\x00\x00\x02\x00\x00\x00')
2021-05-10 12:02:05,234 [DEBUG]: Query executed successfully: ** SELECT `nid`,`title` FROM drupal.node where title like "%Point Blank%"; 
2021-05-10 12:02:05,247 [DEBUG]: new_auth_plugin: caching_sha2_password
2021-05-10 12:02:05,247 [DEBUG]: # request: b'\xa4\xa5m.\xf2\xd0\xb7\xcd}^&\x1b<\x93\xbc\x08\xfdUB\xa6' size: 20
2021-05-10 12:02:05,248 [DEBUG]: # server response packet: bytearray(b'\x07\x00\x00\x05\x00\x00\x00\x02\x00\x00\x00')
2021-05-10 12:02:05,249 [DEBUG]: Query executed successfully: ** SELECT `changed` FROM drupal.comment where nid=701 ORDER BY changed DESC; 
2021-05-10 12:02:05,250 [DEBUG]: Point Blank - Point Blank
2021-05-10 12:02:15,251 [DEBUG]: pre-readSheet
2021-05-10 12:02:15,276 [DEBUG]: URL being requested: GET https://sheets.googleapis.com/v4/spreadsheets/1pKLuJgnXrOUXp-1hzJaaWJAqsU6U3VMax-i2n2zeSDM/values/Team%20Assignments%21F33?alt=json
2021-05-10 12:02:15,610 [DEBUG]: post-readSheet Point Blank
2021-05-10 12:02:15,623 [DEBUG]: new_auth_plugin: caching_sha2_password
2021-05-10 12:02:15,624 [DEBUG]: # request: b'f\x8e\xae\xab\x82$\x85.\xfc\xc1\xec\xcb\x18\xe9P\x86\xd7\xe8B\x86' size: 20
2021-05-10 12:02:15,624 [DEBUG]: # server response packet: bytearray(b'\x07\x00\x00\x05\x00\x00\x00\x02\x00\x00\x00')
2021-05-10 12:02:15,625 [DEBUG]: Query executed successfully: ** SELECT `nid`,`title` FROM drupal.node where title like "%Point Blank%"; 
2021-05-10 12:02:15,639 [DEBUG]: new_auth_plugin: caching_sha2_password
2021-05-10 12:02:15,639 [DEBUG]: # request: b'\x94\x80n\xfa_\x92\x14\xd3n\xf6\xa6\x07\xc2ue%\xb1\xd3\xbf\xa9' size: 20
2021-05-10 12:02:15,639 [DEBUG]: # server response packet: bytearray(b'\x07\x00\x00\x05\x00\x00\x00\x02\x00\x00\x00')
2021-05-10 12:02:15,641 [DEBUG]: Query executed successfully: ** SELECT `changed` FROM drupal.comment where nid=701 ORDER BY changed DESC; 
2021-05-10 12:02:15,641 [DEBUG]: Point Blank - Point Blank
2021-05-10 12:02:25,642 [DEBUG]: pre-readSheet
2021-05-10 12:02:25,667 [DEBUG]: URL being requested: GET https://sheets.googleapis.com/v4/spreadsheets/1pKLuJgnXrOUXp-1hzJaaWJAqsU6U3VMax-i2n2zeSDM/values/Team%20Assignments%21F33?alt=json
2021-05-10 12:02:25,978 [DEBUG]: post-readSheet Point Blank
2021-05-10 12:02:25,991 [DEBUG]: new_auth_plugin: caching_sha2_password
2021-05-10 12:02:25,993 [DEBUG]: # request: b'\x1d!\xbd\xbbH\x18Q\xc1\xb1=\x86\xa6\xf6A\xf1OO^|\xe6' size: 20
2021-05-10 12:02:25,993 [DEBUG]: # server response packet: bytearray(b'\x07\x00\x00\x05\x00\x00\x00\x02\x00\x00\x00')
2021-05-10 12:02:25,993 [DEBUG]: Query executed successfully: ** SELECT `nid`,`title` FROM drupal.node where title like "%Point Blank%"; 
2021-05-10 12:02:26,015 [DEBUG]: new_auth_plugin: caching_sha2_password
2021-05-10 12:02:26,015 [DEBUG]: # request: b';3\xde\xa2U\x8a\xa4\xbc\xaf\x16,\x1a)~\x8b\x1c\xc03E\xb5' size: 20
2021-05-10 12:02:26,015 [DEBUG]: # server response packet: bytearray(b'\x07\x00\x00\x05\x00\x00\x00\x02\x00\x00\x00')
2021-05-10 12:02:26,016 [DEBUG]: Query executed successfully: ** SELECT `changed` FROM drupal.comment where nid=701 ORDER BY changed DESC; 
2021-05-10 12:02:26,017 [DEBUG]: Point Blank - Point Blank
2021-05-10 12:02:36,017 [DEBUG]: pre-readSheet
2021-05-10 12:02:36,043 [DEBUG]: URL being requested: GET https://sheets.googleapis.com/v4/spreadsheets/1pKLuJgnXrOUXp-1hzJaaWJAqsU6U3VMax-i2n2zeSDM/values/Team%20Assignments%21F33?alt=json
2021-05-10 12:02:36,347 [DEBUG]: post-readSheet Point Blank
2021-05-10 12:02:36,360 [DEBUG]: new_auth_plugin: caching_sha2_password
2021-05-10 12:02:36,360 [DEBUG]: # request: b'_\xb5\xb6\xdc\xef\x05.\xb1\xdc\xae\xfcQ\x8d\xfa\xba\x16\xac\x87\xa3\xdc' size: 20
2021-05-10 12:02:36,361 [DEBUG]: # server response packet: bytearray(b'\x07\x00\x00\x05\x00\x00\x00\x02\x00\x00\x00')
2021-05-10 12:02:36,362 [DEBUG]: Query executed successfully: ** SELECT `nid`,`title` FROM drupal.node where title like "%Point Blank%"; 
2021-05-10 12:02:36,376 [DEBUG]: new_auth_plugin: caching_sha2_password
2021-05-10 12:02:36,376 [DEBUG]: # request: b'\x9fg\x81\xf8\xddUv\xa6U:l\x0e\x08gw\xb8\xc83\xd6\x13' size: 20
2021-05-10 12:02:36,376 [DEBUG]: # server response packet: bytearray(b'\x07\x00\x00\x05\x00\x00\x00\x02\x00\x00\x00')
2021-05-10 12:02:36,378 [DEBUG]: Query executed successfully: ** SELECT `changed` FROM drupal.comment where nid=701 ORDER BY changed DESC; 
2021-05-10 12:02:36,378 [DEBUG]: Point Blank - Point Blank
2021-05-10 12:02:46,378 [DEBUG]: pre-readSheet
2021-05-10 12:02:46,404 [DEBUG]: URL being requested: GET https://sheets.googleapis.com/v4/spreadsheets/1pKLuJgnXrOUXp-1hzJaaWJAqsU6U3VMax-i2n2zeSDM/values/Team%20Assignments%21F33?alt=json
2021-05-10 12:02:46,705 [DEBUG]: post-readSheet Point Blank
2021-05-10 12:02:46,718 [DEBUG]: new_auth_plugin: caching_sha2_password
2021-05-10 12:02:46,719 [DEBUG]: # request: b'2\x80\x9a\x02\x15 3\r\x94\xd1\xd5$\x1c\xb5V!\xb4\x03\xdb\xf6' size: 20
2021-05-10 12:02:46,719 [DEBUG]: # server response packet: bytearray(b'\x07\x00\x00\x05\x00\x00\x00\x02\x00\x00\x00')
2021-05-10 12:02:46,720 [DEBUG]: Query executed successfully: ** SELECT `nid`,`title` FROM drupal.node where title like "%Point Blank%"; 
2021-05-10 12:02:46,734 [DEBUG]: new_auth_plugin: caching_sha2_password
2021-05-10 12:02:46,734 [DEBUG]: # request: b'\xd8\x82i\xa8\xf5)\x8fP\x1a\x0e\xc5\xae\xe6ZI\xde\x88\xee\x07\x8b' size: 20
2021-05-10 12:02:46,734 [DEBUG]: # server response packet: bytearray(b'\x07\x00\x00\x05\x00\x00\x00\x02\x00\x00\x00')
2021-05-10 12:02:46,735 [DEBUG]: Query executed successfully: ** SELECT `changed` FROM drupal.comment where nid=701 ORDER BY changed DESC; 
2021-05-10 12:02:46,736 [DEBUG]: Point Blank - Point Blank
2021-05-10 12:02:56,737 [DEBUG]: pre-readSheet
2021-05-10 12:02:56,774 [DEBUG]: URL being requested: GET https://sheets.googleapis.com/v4/spreadsheets/1pKLuJgnXrOUXp-1hzJaaWJAqsU6U3VMax-i2n2zeSDM/values/Team%20Assignments%21F33?alt=json
2021-05-10 12:02:57,092 [DEBUG]: post-readSheet Point Blank
2021-05-10 12:02:57,105 [DEBUG]: new_auth_plugin: caching_sha2_password
2021-05-10 12:02:57,105 [DEBUG]: # request: b',D\xdaa\nH\xad\x9cs\xe3\x8f\xeb\xf5\x9c\xf3y\xf3\xe3U\xa0' size: 20
2021-05-10 12:02:57,106 [DEBUG]: # server response packet: bytearray(b'\x07\x00\x00\x05\x00\x00\x00\x02\x00\x00\x00')
2021-05-10 12:02:57,107 [DEBUG]: Query executed successfully: ** SELECT `nid`,`title` FROM drupal.node where title like "%Point Blank%"; 
2021-05-10 12:02:57,121 [DEBUG]: new_auth_plugin: caching_sha2_password
2021-05-10 12:02:57,121 [DEBUG]: # request: b'\x8b\x16Z\x86PnK\xee\xb8x1O\x9c\xc5\x8e\x07\xb18k\x8a' size: 20
2021-05-10 12:02:57,122 [DEBUG]: # server response packet: bytearray(b'\x07\x00\x00\x05\x00\x00\x00\x02\x00\x00\x00')
2021-05-10 12:02:57,123 [DEBUG]: Query executed successfully: ** SELECT `changed` FROM drupal.comment where nid=701 ORDER BY changed DESC; 
2021-05-10 12:02:57,124 [DEBUG]: Point Blank - Point Blank
2021-05-10 12:03:07,125 [DEBUG]: pre-readSheet
2021-05-10 12:03:07,151 [DEBUG]: URL being requested: GET https://sheets.googleapis.com/v4/spreadsheets/1pKLuJgnXrOUXp-1hzJaaWJAqsU6U3VMax-i2n2zeSDM/values/Team%20Assignments%21F33?alt=json
2021-05-10 12:03:07,393 [DEBUG]: post-readSheet Point Blank
2021-05-10 12:03:07,406 [DEBUG]: new_auth_plugin: caching_sha2_password
2021-05-10 12:03:07,407 [DEBUG]: # request: b'\x9f{\x18\xc0G*\xd7\x13\xa4\xc0!\xa8+\x837O&\xcd$Y' size: 20
2021-05-10 12:03:07,407 [DEBUG]: # server response packet: bytearray(b'\x07\x00\x00\x05\x00\x00\x00\x02\x00\x00\x00')
2021-05-10 12:03:07,408 [DEBUG]: Query executed successfully: ** SELECT `nid`,`title` FROM drupal.node where title like "%Point Blank%"; 
2021-05-10 12:03:07,422 [DEBUG]: new_auth_plugin: caching_sha2_password
2021-05-10 12:03:07,422 [DEBUG]: # request: b'\x98\xb5\xb1HO\x81\x9f#\x154\xe3DK\xa7\xdc=zX\x1a\x99' size: 20
2021-05-10 12:03:07,422 [DEBUG]: # server response packet: bytearray(b'\x07\x00\x00\x05\x00\x00\x00\x02\x00\x00\x00')
2021-05-10 12:03:07,424 [DEBUG]: Query executed successfully: ** SELECT `changed` FROM drupal.comment where nid=701 ORDER BY changed DESC; 
2021-05-10 12:03:07,424 [DEBUG]: Point Blank - Point Blank
2021-05-10 12:03:17,424 [DEBUG]: pre-readSheet
2021-05-10 12:03:17,450 [DEBUG]: URL being requested: GET https://sheets.googleapis.com/v4/spreadsheets/1pKLuJgnXrOUXp-1hzJaaWJAqsU6U3VMax-i2n2zeSDM/values/Team%20Assignments%21F33?alt=json
2021-05-10 12:03:17,695 [DEBUG]: post-readSheet Point Blank
2021-05-10 12:03:17,708 [DEBUG]: new_auth_plugin: caching_sha2_password
2021-05-10 12:03:17,708 [DEBUG]: # request: b'W[\xe4\x11aV\x17\x95\xa8\x92O^\x95(\xcc~"\xf9\xb8\xcd' size: 20
2021-05-10 12:03:17,709 [DEBUG]: # server response packet: bytearray(b'\x07\x00\x00\x05\x00\x00\x00\x02\x00\x00\x00')
2021-05-10 12:03:17,710 [DEBUG]: Query executed successfully: ** SELECT `nid`,`title` FROM drupal.node where title like "%Point Blank%"; 
2021-05-10 12:03:17,723 [DEBUG]: new_auth_plugin: caching_sha2_password
2021-05-10 12:03:17,724 [DEBUG]: # request: b'5z\xd3\xe8\xf5\x03\x0c5#\xea\xc0T,O\xecvJ\xe3\xa7\xe3' size: 20
2021-05-10 12:03:17,724 [DEBUG]: # server response packet: bytearray(b'\x07\x00\x00\x05\x00\x00\x00\x02\x00\x00\x00')
2021-05-10 12:03:17,725 [DEBUG]: Query executed successfully: ** SELECT `changed` FROM drupal.comment where nid=701 ORDER BY changed DESC; 
2021-05-10 12:03:17,726 [DEBUG]: Point Blank - Point Blank
2021-05-10 12:03:27,727 [DEBUG]: pre-readSheet
2021-05-10 12:03:27,753 [DEBUG]: URL being requested: GET https://sheets.googleapis.com/v4/spreadsheets/1pKLuJgnXrOUXp-1hzJaaWJAqsU6U3VMax-i2n2zeSDM/values/Team%20Assignments%21F33?alt=json
2021-05-10 12:03:28,073 [DEBUG]: post-readSheet Point Blank
2021-05-10 12:03:28,086 [DEBUG]: new_auth_plugin: caching_sha2_password
2021-05-10 12:03:28,086 [DEBUG]: # request: b'\xf0\xb0\xf5(\x85?u\x04i\x80\xd9T\x9dxA\xea\xc8=\xf1\xe0' size: 20
2021-05-10 12:03:28,087 [DEBUG]: # server response packet: bytearray(b'\x07\x00\x00\x05\x00\x00\x00\x02\x00\x00\x00')
2021-05-10 12:03:28,088 [DEBUG]: Query executed successfully: ** SELECT `nid`,`title` FROM drupal.node where title like "%Point Blank%"; 
2021-05-10 12:03:28,102 [DEBUG]: new_auth_plugin: caching_sha2_password
2021-05-10 12:03:28,102 [DEBUG]: # request: b'z\x05c\x96\xf3\xb0\xad\x95\x1bcF9\xb8L\xe0\xbb\xa1tQ\x90' size: 20
2021-05-10 12:03:28,102 [DEBUG]: # server response packet: bytearray(b'\x07\x00\x00\x05\x00\x00\x00\x02\x00\x00\x00')
2021-05-10 12:03:28,104 [DEBUG]: Query executed successfully: ** SELECT `changed` FROM drupal.comment where nid=701 ORDER BY changed DESC; 
2021-05-10 12:03:28,104 [DEBUG]: Point Blank - Point Blank
2021-05-10 12:03:38,104 [DEBUG]: pre-readSheet
2021-05-10 12:03:38,130 [DEBUG]: URL being requested: GET https://sheets.googleapis.com/v4/spreadsheets/1pKLuJgnXrOUXp-1hzJaaWJAqsU6U3VMax-i2n2zeSDM/values/Team%20Assignments%21F33?alt=json
2021-05-10 12:03:38,495 [DEBUG]: post-readSheet Point Blank
2021-05-10 12:03:38,508 [DEBUG]: new_auth_plugin: caching_sha2_password
2021-05-10 12:03:38,509 [DEBUG]: # request: b'\xfdqwag;\xc6I\xc3\xf3\x10yY\xdf\xa1QFJ{m' size: 20
2021-05-10 12:03:38,509 [DEBUG]: # server response packet: bytearray(b'\x07\x00\x00\x05\x00\x00\x00\x02\x00\x00\x00')
2021-05-10 12:03:38,510 [DEBUG]: Query executed successfully: ** SELECT `nid`,`title` FROM drupal.node where title like "%Point Blank%"; 
2021-05-10 12:03:38,524 [DEBUG]: new_auth_plugin: caching_sha2_password
2021-05-10 12:03:38,524 [DEBUG]: # request: b'\xe0p\xfe\x18~\xea\x90%\x99\xcaZ\x19u\xb4`\x03gSbX' size: 20
2021-05-10 12:03:38,524 [DEBUG]: # server response packet: bytearray(b'\x07\x00\x00\x05\x00\x00\x00\x02\x00\x00\x00')
2021-05-10 12:03:38,526 [DEBUG]: Query executed successfully: ** SELECT `changed` FROM drupal.comment where nid=701 ORDER BY changed DESC; 
2021-05-10 12:03:38,526 [DEBUG]: Point Blank - Point Blank
2021-05-10 12:03:48,526 [DEBUG]: pre-readSheet
2021-05-10 12:03:48,552 [DEBUG]: URL being requested: GET https://sheets.googleapis.com/v4/spreadsheets/1pKLuJgnXrOUXp-1hzJaaWJAqsU6U3VMax-i2n2zeSDM/values/Team%20Assignments%21F33?alt=json
2021-05-10 12:03:48,859 [DEBUG]: post-readSheet Point Blank
2021-05-10 12:03:48,874 [DEBUG]: new_auth_plugin: caching_sha2_password
2021-05-10 12:03:48,874 [DEBUG]: # request: b'F\x11\xd8\xea\xa5X\xa2?a\x95nLq\xce\xc28\xde\x86\x05\xa6' size: 20
2021-05-10 12:03:48,874 [DEBUG]: # server response packet: bytearray(b'\x07\x00\x00\x05\x00\x00\x00\x02\x00\x00\x00')
2021-05-10 12:03:48,875 [DEBUG]: Query executed successfully: ** SELECT `nid`,`title` FROM drupal.node where title like "%Point Blank%"; 
2021-05-10 12:03:48,889 [DEBUG]: new_auth_plugin: caching_sha2_password
2021-05-10 12:03:48,889 [DEBUG]: # request: b'\xc4\x8aof\xe0I\x92\xbf\xb4\x158A\xa6"\x00\xb7\xb1B\x17n' size: 20
2021-05-10 12:03:48,890 [DEBUG]: # server response packet: bytearray(b'\x07\x00\x00\x05\x00\x00\x00\x02\x00\x00\x00')
2021-05-10 12:03:48,891 [DEBUG]: Query executed successfully: ** SELECT `changed` FROM drupal.comment where nid=701 ORDER BY changed DESC; 
2021-05-10 12:03:48,891 [DEBUG]: Point Blank - Point Blank
2021-05-10 12:03:58,892 [DEBUG]: pre-readSheet
2021-05-10 12:03:58,918 [DEBUG]: URL being requested: GET https://sheets.googleapis.com/v4/spreadsheets/1pKLuJgnXrOUXp-1hzJaaWJAqsU6U3VMax-i2n2zeSDM/values/Team%20Assignments%21F33?alt=json
2021-05-10 12:03:59,229 [DEBUG]: post-readSheet Point Blank
2021-05-10 12:03:59,242 [DEBUG]: new_auth_plugin: caching_sha2_password
2021-05-10 12:03:59,242 [DEBUG]: # request: b'\xe7pL\x13\xcc\xd8Q\x99\xbd\xc9V\xb59\xbf\xcc:\x03\x818\x80' size: 20
2021-05-10 12:03:59,242 [DEBUG]: # server response packet: bytearray(b'\x07\x00\x00\x05\x00\x00\x00\x02\x00\x00\x00')
2021-05-10 12:03:59,244 [DEBUG]: Query executed successfully: ** SELECT `nid`,`title` FROM drupal.node where title like "%Point Blank%"; 
2021-05-10 12:03:59,258 [DEBUG]: new_auth_plugin: caching_sha2_password
2021-05-10 12:03:59,258 [DEBUG]: # request: b'}H\x80\x0f\xbeG\x7f{!\xa4\xd5f\xaf\xfc\xac\xc0S\x0c\x96\xa9' size: 20
2021-05-10 12:03:59,258 [DEBUG]: # server response packet: bytearray(b'\x07\x00\x00\x05\x00\x00\x00\x02\x00\x00\x00')
2021-05-10 12:03:59,260 [DEBUG]: Query executed successfully: ** SELECT `changed` FROM drupal.comment where nid=701 ORDER BY changed DESC; 
2021-05-10 12:03:59,260 [DEBUG]: Point Blank - Point Blank
2021-05-10 12:04:09,261 [DEBUG]: pre-readSheet
2021-05-10 12:04:09,287 [DEBUG]: URL being requested: GET https://sheets.googleapis.com/v4/spreadsheets/1pKLuJgnXrOUXp-1hzJaaWJAqsU6U3VMax-i2n2zeSDM/values/Team%20Assignments%21F33?alt=json
2021-05-10 12:04:09,524 [DEBUG]: post-readSheet Point Blank
2021-05-10 12:04:09,537 [DEBUG]: new_auth_plugin: caching_sha2_password
2021-05-10 12:04:09,537 [DEBUG]: # request: b'3H\xea\xbd-\x9c!\xb8\xb9\xfb\xc0;\xa5{(\x8bMIs\x94' size: 20
2021-05-10 12:04:09,537 [DEBUG]: # server response packet: bytearray(b'\x07\x00\x00\x05\x00\x00\x00\x02\x00\x00\x00')
2021-05-10 12:04:09,539 [DEBUG]: Query executed successfully: ** SELECT `nid`,`title` FROM drupal.node where title like "%Point Blank%"; 
2021-05-10 12:04:09,553 [DEBUG]: new_auth_plugin: caching_sha2_password
2021-05-10 12:04:09,553 [DEBUG]: # request: b'\x08\x82`\xf6s\xdd\xe7\xa3\xad{\xa1\xf9\xb8E\x1c\x98\x07\x08\x86\xd3' size: 20
2021-05-10 12:04:09,553 [DEBUG]: # server response packet: bytearray(b'\x07\x00\x00\x05\x00\x00\x00\x02\x00\x00\x00')
2021-05-10 12:04:09,554 [DEBUG]: Query executed successfully: ** SELECT `changed` FROM drupal.comment where nid=701 ORDER BY changed DESC; 
2021-05-10 12:04:09,555 [DEBUG]: Point Blank - Point Blank
2021-05-10 12:04:19,555 [DEBUG]: pre-readSheet
2021-05-10 12:04:19,581 [DEBUG]: URL being requested: GET https://sheets.googleapis.com/v4/spreadsheets/1pKLuJgnXrOUXp-1hzJaaWJAqsU6U3VMax-i2n2zeSDM/values/Team%20Assignments%21F33?alt=json
2021-05-10 12:04:19,825 [DEBUG]: post-readSheet Point Blank
2021-05-10 12:04:19,838 [DEBUG]: new_auth_plugin: caching_sha2_password
2021-05-10 12:04:19,838 [DEBUG]: # request: b'#\x1a\x14BG\xd5\x1e\x82#\n\tDq\xd1B\xdd9-\x97E' size: 20
2021-05-10 12:04:19,839 [DEBUG]: # server response packet: bytearray(b'\x07\x00\x00\x05\x00\x00\x00\x02\x00\x00\x00')
2021-05-10 12:04:19,840 [DEBUG]: Query executed successfully: ** SELECT `nid`,`title` FROM drupal.node where title like "%Point Blank%"; 
2021-05-10 12:04:19,854 [DEBUG]: new_auth_plugin: caching_sha2_password
2021-05-10 12:04:19,854 [DEBUG]: # request: b'\x04\xa3\xc3\x07X\x1d\t\xb8\xbe\xc8\x19\x14\xcf|\xc6\xf6j\xd0"\x9a' size: 20
2021-05-10 12:04:19,854 [DEBUG]: # server response packet: bytearray(b'\x07\x00\x00\x05\x00\x00\x00\x02\x00\x00\x00')
2021-05-10 12:04:19,855 [DEBUG]: Query executed successfully: ** SELECT `changed` FROM drupal.comment where nid=701 ORDER BY changed DESC; 
2021-05-10 12:04:19,856 [DEBUG]: Point Blank - Point Blank
2021-05-10 12:04:29,857 [DEBUG]: pre-readSheet
2021-05-10 12:04:29,883 [DEBUG]: URL being requested: GET https://sheets.googleapis.com/v4/spreadsheets/1pKLuJgnXrOUXp-1hzJaaWJAqsU6U3VMax-i2n2zeSDM/values/Team%20Assignments%21F33?alt=json
2021-05-10 12:04:30,184 [DEBUG]: post-readSheet Point Blank
2021-05-10 12:04:30,199 [DEBUG]: new_auth_plugin: caching_sha2_password
2021-05-10 12:04:30,199 [DEBUG]: # request: b'\xd9\x04\xe1Q\x98\xf2\xaf%\x87\xd2]$m\x97\x13\xdf\x18\xa1\xc7\x12' size: 20
2021-05-10 12:04:30,200 [DEBUG]: # server response packet: bytearray(b'\x07\x00\x00\x05\x00\x00\x00\x02\x00\x00\x00')
2021-05-10 12:04:30,201 [DEBUG]: Query executed successfully: ** SELECT `nid`,`title` FROM drupal.node where title like "%Point Blank%"; 
2021-05-10 12:04:30,215 [DEBUG]: new_auth_plugin: caching_sha2_password
2021-05-10 12:04:30,215 [DEBUG]: # request: b'k\x1dw\x84\xca\xba<\xa89w$Kb\xfd"y\xcf\xbd\xa6\xae' size: 20
2021-05-10 12:04:30,216 [DEBUG]: # server response packet: bytearray(b'\x07\x00\x00\x05\x00\x00\x00\x02\x00\x00\x00')
2021-05-10 12:04:30,217 [DEBUG]: Query executed successfully: ** SELECT `changed` FROM drupal.comment where nid=701 ORDER BY changed DESC; 
2021-05-10 12:04:30,218 [DEBUG]: Point Blank - Point Blank
2021-05-10 12:04:40,219 [DEBUG]: pre-readSheet
2021-05-10 12:04:40,245 [DEBUG]: URL being requested: GET https://sheets.googleapis.com/v4/spreadsheets/1pKLuJgnXrOUXp-1hzJaaWJAqsU6U3VMax-i2n2zeSDM/values/Team%20Assignments%21F33?alt=json
2021-05-10 12:04:40,484 [DEBUG]: post-readSheet Point Blank
2021-05-10 12:04:40,497 [DEBUG]: new_auth_plugin: caching_sha2_password
2021-05-10 12:04:40,497 [DEBUG]: # request: b'P3\x01\x87\xd1]\x8e\x82\x85\xbf\xc7;3\xf5\x99\xcd\xdb/\xfaM' size: 20
2021-05-10 12:04:40,497 [DEBUG]: # server response packet: bytearray(b'\x07\x00\x00\x05\x00\x00\x00\x02\x00\x00\x00')
2021-05-10 12:04:40,499 [DEBUG]: Query executed successfully: ** SELECT `nid`,`title` FROM drupal.node where title like "%Point Blank%"; 
2021-05-10 12:04:40,512 [DEBUG]: new_auth_plugin: caching_sha2_password
2021-05-10 12:04:40,513 [DEBUG]: # request: b'\x95\x0b<\x1a\xfcO\xd6\xf1\xc6/\xb0\xc6\x14|\xa2\x91\x9b\x95\x809' size: 20
2021-05-10 12:04:40,513 [DEBUG]: # server response packet: bytearray(b'\x07\x00\x00\x05\x00\x00\x00\x02\x00\x00\x00')
2021-05-10 12:04:40,514 [DEBUG]: Query executed successfully: ** SELECT `changed` FROM drupal.comment where nid=701 ORDER BY changed DESC; 
2021-05-10 12:04:40,515 [DEBUG]: Point Blank - Point Blank
2021-05-10 12:04:50,516 [DEBUG]: pre-readSheet
2021-05-10 12:04:50,542 [DEBUG]: URL being requested: GET https://sheets.googleapis.com/v4/spreadsheets/1pKLuJgnXrOUXp-1hzJaaWJAqsU6U3VMax-i2n2zeSDM/values/Team%20Assignments%21F33?alt=json
2021-05-10 12:04:50,787 [DEBUG]: post-readSheet Point Blank
2021-05-10 12:04:50,801 [DEBUG]: new_auth_plugin: caching_sha2_password
2021-05-10 12:04:50,801 [DEBUG]: # request: b'\x821\x84Q\x8f\x08\xba\xd5\xcb"d\xc0)DOG|\x8cY\xa0' size: 20
2021-05-10 12:04:50,801 [DEBUG]: # server response packet: bytearray(b'\x07\x00\x00\x05\x00\x00\x00\x02\x00\x00\x00')
2021-05-10 12:04:50,802 [DEBUG]: Query executed successfully: ** SELECT `nid`,`title` FROM drupal.node where title like "%Point Blank%"; 
2021-05-10 12:04:50,816 [DEBUG]: new_auth_plugin: caching_sha2_password
2021-05-10 12:04:50,816 [DEBUG]: # request: b')\xbb\xbb\xef\x18.\xe7\xe2:?\x7f\x88s\x19l\xb4\xb5\x05\xc0b' size: 20
2021-05-10 12:04:50,817 [DEBUG]: # server response packet: bytearray(b'\x07\x00\x00\x05\x00\x00\x00\x02\x00\x00\x00')
2021-05-10 12:04:50,818 [DEBUG]: Query executed successfully: ** SELECT `changed` FROM drupal.comment where nid=701 ORDER BY changed DESC; 
2021-05-10 12:04:50,818 [DEBUG]: Point Blank - Point Blank
2021-05-10 12:05:00,819 [DEBUG]: pre-readSheet
2021-05-10 12:05:00,847 [DEBUG]: URL being requested: GET https://sheets.googleapis.com/v4/spreadsheets/1pKLuJgnXrOUXp-1hzJaaWJAqsU6U3VMax-i2n2zeSDM/values/Team%20Assignments%21F33?alt=json
2021-05-10 12:05:01,161 [DEBUG]: post-readSheet Point Blank
2021-05-10 12:05:01,175 [DEBUG]: new_auth_plugin: caching_sha2_password
2021-05-10 12:05:01,175 [DEBUG]: # request: b"\x9e\xd9Y|\x7f\xa4U\xa5g\x92\xcc0'\xe4(\x80\xa9U\xc3$" size: 20
2021-05-10 12:05:01,175 [DEBUG]: # server response packet: bytearray(b'\x07\x00\x00\x05\x00\x00\x00\x02\x00\x00\x00')
2021-05-10 12:05:01,177 [DEBUG]: Query executed successfully: ** SELECT `nid`,`title` FROM drupal.node where title like "%Point Blank%"; 
2021-05-10 12:05:01,190 [DEBUG]: new_auth_plugin: caching_sha2_password
2021-05-10 12:05:01,191 [DEBUG]: # request: b'\xc2\x97$D\x0b\x1b`\xf2\xf1\xe2\xf8\x9a\x15$PS\x89\x85\xfaq' size: 20
2021-05-10 12:05:01,191 [DEBUG]: # server response packet: bytearray(b'\x07\x00\x00\x05\x00\x00\x00\x02\x00\x00\x00')
2021-05-10 12:05:01,192 [DEBUG]: Query executed successfully: ** SELECT `changed` FROM drupal.comment where nid=701 ORDER BY changed DESC; 
2021-05-10 12:05:01,193 [DEBUG]: Point Blank - Point Blank
2021-05-10 12:05:11,194 [DEBUG]: pre-readSheet
2021-05-10 12:05:11,222 [DEBUG]: URL being requested: GET https://sheets.googleapis.com/v4/spreadsheets/1pKLuJgnXrOUXp-1hzJaaWJAqsU6U3VMax-i2n2zeSDM/values/Team%20Assignments%21F33?alt=json
2021-05-10 12:05:11,468 [DEBUG]: post-readSheet Point Blank
2021-05-10 12:05:11,481 [DEBUG]: new_auth_plugin: caching_sha2_password
2021-05-10 12:05:11,482 [DEBUG]: # request: b'$6\xf0\xf1\xac\x9f8JQk:\xce^\x87\xa6xlZ\x9d\x14' size: 20
2021-05-10 12:05:11,482 [DEBUG]: # server response packet: bytearray(b'\x07\x00\x00\x05\x00\x00\x00\x02\x00\x00\x00')
2021-05-10 12:05:11,483 [DEBUG]: Query executed successfully: ** SELECT `nid`,`title` FROM drupal.node where title like "%Point Blank%"; 
2021-05-10 12:05:11,497 [DEBUG]: new_auth_plugin: caching_sha2_password
2021-05-10 12:05:11,497 [DEBUG]: # request: b'\x97_\x87\x87\x13\xb9t\x8c(G8\xdc\xfe\xe1\xc7:4n\r\xe4' size: 20
2021-05-10 12:05:11,498 [DEBUG]: # server response packet: bytearray(b'\x07\x00\x00\x05\x00\x00\x00\x02\x00\x00\x00')
2021-05-10 12:05:11,499 [DEBUG]: Query executed successfully: ** SELECT `changed` FROM drupal.comment where nid=701 ORDER BY changed DESC; 
2021-05-10 12:05:11,500 [DEBUG]: Point Blank - Point Blank
2021-05-10 12:05:21,500 [DEBUG]: pre-readSheet
2021-05-10 12:05:21,527 [DEBUG]: URL being requested: GET https://sheets.googleapis.com/v4/spreadsheets/1pKLuJgnXrOUXp-1hzJaaWJAqsU6U3VMax-i2n2zeSDM/values/Team%20Assignments%21F33?alt=json
2021-05-10 12:05:21,777 [DEBUG]: post-readSheet Point Blank
2021-05-10 12:05:21,790 [DEBUG]: new_auth_plugin: caching_sha2_password
2021-05-10 12:05:21,790 [DEBUG]: # request: b'G\xdf\xbf\x19\xe8(#k1\xdcI\x19\xb3\xf9\xbf\x7f:.:W' size: 20
2021-05-10 12:05:21,791 [DEBUG]: # server response packet: bytearray(b'\x07\x00\x00\x05\x00\x00\x00\x02\x00\x00\x00')
2021-05-10 12:05:21,792 [DEBUG]: Query executed successfully: ** SELECT `nid`,`title` FROM drupal.node where title like "%Point Blank%"; 
2021-05-10 12:05:21,806 [DEBUG]: new_auth_plugin: caching_sha2_password
2021-05-10 12:05:21,806 [DEBUG]: # request: b'\x9c\x01`@\xa1\x9fS\xba3\xa2{\xe4`\xf3>G/C7W' size: 20
2021-05-10 12:05:21,806 [DEBUG]: # server response packet: bytearray(b'\x07\x00\x00\x05\x00\x00\x00\x02\x00\x00\x00')
2021-05-10 12:05:21,808 [DEBUG]: Query executed successfully: ** SELECT `changed` FROM drupal.comment where nid=701 ORDER BY changed DESC; 
2021-05-10 12:05:21,808 [DEBUG]: Point Blank - Point Blank
2021-05-10 12:05:31,809 [DEBUG]: pre-readSheet
2021-05-10 12:05:31,835 [DEBUG]: URL being requested: GET https://sheets.googleapis.com/v4/spreadsheets/1pKLuJgnXrOUXp-1hzJaaWJAqsU6U3VMax-i2n2zeSDM/values/Team%20Assignments%21F33?alt=json
2021-05-10 12:05:32,142 [DEBUG]: post-readSheet Point Blank
2021-05-10 12:05:32,157 [DEBUG]: new_auth_plugin: caching_sha2_password
2021-05-10 12:05:32,157 [DEBUG]: # request: b'\x7fcj,\x00\x94\xeeES@\xf6Ye1\x81\xe5\x98}bA' size: 20
2021-05-10 12:05:32,157 [DEBUG]: # server response packet: bytearray(b'\x07\x00\x00\x05\x00\x00\x00\x02\x00\x00\x00')
2021-05-10 12:05:32,159 [DEBUG]: Query executed successfully: ** SELECT `nid`,`title` FROM drupal.node where title like "%Point Blank%"; 
2021-05-10 12:05:32,174 [DEBUG]: new_auth_plugin: caching_sha2_password
2021-05-10 12:05:32,174 [DEBUG]: # request: b'B\xae9\xa1\xed\xbfk6\x8ei \x0e/=\x1c\xd4\x13Y=|' size: 20
2021-05-10 12:05:32,174 [DEBUG]: # server response packet: bytearray(b'\x07\x00\x00\x05\x00\x00\x00\x02\x00\x00\x00')
2021-05-10 12:05:32,175 [DEBUG]: Query executed successfully: ** SELECT `changed` FROM drupal.comment where nid=701 ORDER BY changed DESC; 
2021-05-10 12:05:32,176 [DEBUG]: Point Blank - Point Blank
2021-05-10 12:05:42,177 [DEBUG]: pre-readSheet
2021-05-10 12:05:42,204 [DEBUG]: URL being requested: GET https://sheets.googleapis.com/v4/spreadsheets/1pKLuJgnXrOUXp-1hzJaaWJAqsU6U3VMax-i2n2zeSDM/values/Team%20Assignments%21F33?alt=json
2021-05-10 12:05:42,438 [DEBUG]: post-readSheet Point Blank
2021-05-10 12:05:42,452 [DEBUG]: new_auth_plugin: caching_sha2_password
2021-05-10 12:05:42,452 [DEBUG]: # request: b'?\xf6\xa1\x8c\xcdK}\xb7\xeb\xbb\xd7r\xc1Jzm\xfa\xd3\xf6<' size: 20
2021-05-10 12:05:42,452 [DEBUG]: # server response packet: bytearray(b'\x07\x00\x00\x05\x00\x00\x00\x02\x00\x00\x00')
2021-05-10 12:05:42,453 [DEBUG]: Query executed successfully: ** SELECT `nid`,`title` FROM drupal.node where title like "%Point Blank%"; 
2021-05-10 12:05:42,467 [DEBUG]: new_auth_plugin: caching_sha2_password
2021-05-10 12:05:42,467 [DEBUG]: # request: b"\x80VW\xe1\xefV`\xc7\xd2T\xa4'l\xd9\xdf-\xd4\xbb \xea" size: 20
2021-05-10 12:05:42,467 [DEBUG]: # server response packet: bytearray(b'\x07\x00\x00\x05\x00\x00\x00\x02\x00\x00\x00')
2021-05-10 12:05:42,469 [DEBUG]: Query executed successfully: ** SELECT `changed` FROM drupal.comment where nid=701 ORDER BY changed DESC; 
2021-05-10 12:05:42,469 [DEBUG]: Point Blank - Point Blank
2021-05-10 12:05:52,471 [DEBUG]: pre-readSheet
2021-05-10 12:05:52,497 [DEBUG]: URL being requested: GET https://sheets.googleapis.com/v4/spreadsheets/1pKLuJgnXrOUXp-1hzJaaWJAqsU6U3VMax-i2n2zeSDM/values/Team%20Assignments%21F33?alt=json
2021-05-10 12:05:52,813 [DEBUG]: post-readSheet Point Blank
2021-05-10 12:05:52,827 [DEBUG]: new_auth_plugin: caching_sha2_password
2021-05-10 12:05:52,827 [DEBUG]: # request: b"\x1d\x95\\\x8bO\xc3\xe0)\x9b\xccb\x1c\xd4'\xbe\xa3\xa0,\x1eW" size: 20
2021-05-10 12:05:52,827 [DEBUG]: # server response packet: bytearray(b'\x07\x00\x00\x05\x00\x00\x00\x02\x00\x00\x00')
2021-05-10 12:05:52,828 [DEBUG]: Query executed successfully: ** SELECT `nid`,`title` FROM drupal.node where title like "%Point Blank%"; 
2021-05-10 12:05:52,842 [DEBUG]: new_auth_plugin: caching_sha2_password
2021-05-10 12:05:52,842 [DEBUG]: # request: b'l \xe0Z)\xf4\xa4~\xd0@\x1e\xfa\xa6\x08\x8f\xa5h\xd4\xed\xc9' size: 20
2021-05-10 12:05:52,843 [DEBUG]: # server response packet: bytearray(b'\x07\x00\x00\x05\x00\x00\x00\x02\x00\x00\x00')
2021-05-10 12:05:52,844 [DEBUG]: Query executed successfully: ** SELECT `changed` FROM drupal.comment where nid=701 ORDER BY changed DESC; 
2021-05-10 12:05:52,844 [DEBUG]: Point Blank - Point Blank
2021-05-10 12:06:02,844 [DEBUG]: pre-readSheet
2021-05-10 12:06:02,870 [DEBUG]: URL being requested: GET https://sheets.googleapis.com/v4/spreadsheets/1pKLuJgnXrOUXp-1hzJaaWJAqsU6U3VMax-i2n2zeSDM/values/Team%20Assignments%21F33?alt=json
2021-05-10 12:06:03,174 [DEBUG]: post-readSheet Point Blank
2021-05-10 12:06:03,190 [DEBUG]: new_auth_plugin: caching_sha2_password
2021-05-10 12:06:03,190 [DEBUG]: # request: b'$\x96\xe70\t""\x0b\xd1Ko3\xf3\xf6\t\xb7_~\xf9\x89' size: 20
2021-05-10 12:06:03,190 [DEBUG]: # server response packet: bytearray(b'\x07\x00\x00\x05\x00\x00\x00\x02\x00\x00\x00')
2021-05-10 12:06:03,191 [DEBUG]: Query executed successfully: ** SELECT `nid`,`title` FROM drupal.node where title like "%Point Blank%"; 
2021-05-10 12:06:03,205 [DEBUG]: new_auth_plugin: caching_sha2_password
2021-05-10 12:06:03,205 [DEBUG]: # request: b'vnR.N\xb3M\xd4\x7f\x01\xc8\x14g\xa8\xfd\xa6\x8fz\x07\xdb' size: 20
2021-05-10 12:06:03,206 [DEBUG]: # server response packet: bytearray(b'\x07\x00\x00\x05\x00\x00\x00\x02\x00\x00\x00')
2021-05-10 12:06:03,207 [DEBUG]: Query executed successfully: ** SELECT `changed` FROM drupal.comment where nid=701 ORDER BY changed DESC; 
2021-05-10 12:06:03,207 [DEBUG]: Point Blank - Point Blank
2021-05-10 12:06:13,208 [DEBUG]: pre-readSheet
2021-05-10 12:06:13,237 [DEBUG]: URL being requested: GET https://sheets.googleapis.com/v4/spreadsheets/1pKLuJgnXrOUXp-1hzJaaWJAqsU6U3VMax-i2n2zeSDM/values/Team%20Assignments%21F33?alt=json
2021-05-10 12:06:13,478 [DEBUG]: post-readSheet Point Blank
2021-05-10 12:06:13,492 [DEBUG]: new_auth_plugin: caching_sha2_password
2021-05-10 12:06:13,492 [DEBUG]: # request: b'\x10\x8d\x0b\xd5\xca\xfc\x19r\x0ee\xa3\x84\xc4j}\x07\x92\x88\xd2e' size: 20
2021-05-10 12:06:13,492 [DEBUG]: # server response packet: bytearray(b'\x07\x00\x00\x05\x00\x00\x00\x02\x00\x00\x00')
2021-05-10 12:06:13,493 [DEBUG]: Query executed successfully: ** SELECT `nid`,`title` FROM drupal.node where title like "%Point Blank%"; 
2021-05-10 12:06:13,507 [DEBUG]: new_auth_plugin: caching_sha2_password
2021-05-10 12:06:13,508 [DEBUG]: # request: b'U\x0b3\x8d\x0b>C\x1ed\xa0\xa3S\x93"j\xbe-\xecg\\' size: 20
2021-05-10 12:06:13,508 [DEBUG]: # server response packet: bytearray(b'\x07\x00\x00\x05\x00\x00\x00\x02\x00\x00\x00')
2021-05-10 12:06:13,509 [DEBUG]: Query executed successfully: ** SELECT `changed` FROM drupal.comment where nid=701 ORDER BY changed DESC; 
2021-05-10 12:06:13,510 [DEBUG]: Point Blank - Point Blank
2021-05-10 12:06:23,510 [DEBUG]: pre-readSheet
2021-05-10 12:06:23,535 [DEBUG]: URL being requested: GET https://sheets.googleapis.com/v4/spreadsheets/1pKLuJgnXrOUXp-1hzJaaWJAqsU6U3VMax-i2n2zeSDM/values/Team%20Assignments%21F33?alt=json
2021-05-10 12:06:23,845 [DEBUG]: post-readSheet Point Blank
2021-05-10 12:06:23,859 [DEBUG]: new_auth_plugin: caching_sha2_password
2021-05-10 12:06:23,859 [DEBUG]: # request: b'\x9b\xd1z\x9c\xb4\x82\xc5 \xe6k\xfe\xdf\x8a\xca\x07(\xac\xaa82' size: 20
2021-05-10 12:06:23,859 [DEBUG]: # server response packet: bytearray(b'\x07\x00\x00\x05\x00\x00\x00\x02\x00\x00\x00')
2021-05-10 12:06:23,860 [DEBUG]: Query executed successfully: ** SELECT `nid`,`title` FROM drupal.node where title like "%Point Blank%"; 
2021-05-10 12:06:23,874 [DEBUG]: new_auth_plugin: caching_sha2_password
2021-05-10 12:06:23,875 [DEBUG]: # request: b'\x1d\xeac$\x12\x8a+\xf5?8\xec_G>\xf14V\xc2pA' size: 20
2021-05-10 12:06:23,875 [DEBUG]: # server response packet: bytearray(b'\x07\x00\x00\x05\x00\x00\x00\x02\x00\x00\x00')
2021-05-10 12:06:23,876 [DEBUG]: Query executed successfully: ** SELECT `changed` FROM drupal.comment where nid=701 ORDER BY changed DESC; 
2021-05-10 12:06:23,877 [DEBUG]: Point Blank - Point Blank
2021-05-10 12:06:33,877 [DEBUG]: pre-readSheet
2021-05-10 12:06:33,904 [DEBUG]: URL being requested: GET https://sheets.googleapis.com/v4/spreadsheets/1pKLuJgnXrOUXp-1hzJaaWJAqsU6U3VMax-i2n2zeSDM/values/Team%20Assignments%21F33?alt=json
2021-05-10 12:06:34,216 [DEBUG]: post-readSheet Point Blank
2021-05-10 12:06:34,231 [DEBUG]: new_auth_plugin: caching_sha2_password
2021-05-10 12:06:34,231 [DEBUG]: # request: b'\x16L\xdezu\x1eQ\tU\x84\x87\xc1\x01|\xe4&\x0bW\x9c\xad' size: 20
2021-05-10 12:06:34,232 [DEBUG]: # server response packet: bytearray(b'\x07\x00\x00\x05\x00\x00\x00\x02\x00\x00\x00')
2021-05-10 12:06:34,233 [DEBUG]: Query executed successfully: ** SELECT `nid`,`title` FROM drupal.node where title like "%Point Blank%"; 
2021-05-10 12:06:34,247 [DEBUG]: new_auth_plugin: caching_sha2_password
2021-05-10 12:06:34,247 [DEBUG]: # request: b'\x9a\xc5\x1b\r\xdb\x9aO\xcf\xbd\xc1$\xad\xe3Jr$\r\x901\xc5' size: 20
2021-05-10 12:06:34,247 [DEBUG]: # server response packet: bytearray(b'\x07\x00\x00\x05\x00\x00\x00\x02\x00\x00\x00')
2021-05-10 12:06:34,249 [DEBUG]: Query executed successfully: ** SELECT `changed` FROM drupal.comment where nid=701 ORDER BY changed DESC; 
2021-05-10 12:06:34,249 [DEBUG]: Point Blank - Point Blank
2021-05-10 12:06:44,250 [DEBUG]: pre-readSheet
2021-05-10 12:06:44,275 [DEBUG]: URL being requested: GET https://sheets.googleapis.com/v4/spreadsheets/1pKLuJgnXrOUXp-1hzJaaWJAqsU6U3VMax-i2n2zeSDM/values/Team%20Assignments%21F33?alt=json
2021-05-10 12:06:44,795 [DEBUG]: post-readSheet Point Blank
2021-05-10 12:06:44,808 [DEBUG]: new_auth_plugin: caching_sha2_password
2021-05-10 12:06:44,809 [DEBUG]: # request: b'l\x8c 5\\\xad\x03\xf8\r>\xc2\xac\xf6\xd4bwQ;\xf4\x8a' size: 20
2021-05-10 12:06:44,809 [DEBUG]: # server response packet: bytearray(b'\x07\x00\x00\x05\x00\x00\x00\x02\x00\x00\x00')
2021-05-10 12:06:44,810 [DEBUG]: Query executed successfully: ** SELECT `nid`,`title` FROM drupal.node where title like "%Point Blank%"; 
2021-05-10 12:06:44,823 [DEBUG]: new_auth_plugin: caching_sha2_password
2021-05-10 12:06:44,824 [DEBUG]: # request: b', \xa7\xa8\x0f\x9b\x1e\xcd\x0c\xc2\x82\xb5y!\xb8p5>\x8d\xe6' size: 20
2021-05-10 12:06:44,824 [DEBUG]: # server response packet: bytearray(b'\x07\x00\x00\x05\x00\x00\x00\x02\x00\x00\x00')
2021-05-10 12:06:44,825 [DEBUG]: Query executed successfully: ** SELECT `changed` FROM drupal.comment where nid=701 ORDER BY changed DESC; 
2021-05-10 12:06:44,826 [DEBUG]: Point Blank - Point Blank
2021-05-10 12:06:54,826 [DEBUG]: pre-readSheet
2021-05-10 12:06:54,853 [DEBUG]: URL being requested: GET https://sheets.googleapis.com/v4/spreadsheets/1pKLuJgnXrOUXp-1hzJaaWJAqsU6U3VMax-i2n2zeSDM/values/Team%20Assignments%21F33?alt=json
2021-05-10 12:06:55,087 [DEBUG]: post-readSheet Point Blank
2021-05-10 12:06:55,100 [DEBUG]: new_auth_plugin: caching_sha2_password
2021-05-10 12:06:55,100 [DEBUG]: # request: b'L\xef\x15,`\x9b\xca*G\x03\xc9\x8e\xf4\xb9\xe0~\xa0\xbe@}' size: 20
2021-05-10 12:06:55,101 [DEBUG]: # server response packet: bytearray(b'\x07\x00\x00\x05\x00\x00\x00\x02\x00\x00\x00')
2021-05-10 12:06:55,102 [DEBUG]: Query executed successfully: ** SELECT `nid`,`title` FROM drupal.node where title like "%Point Blank%"; 
2021-05-10 12:06:55,116 [DEBUG]: new_auth_plugin: caching_sha2_password
2021-05-10 12:06:55,116 [DEBUG]: # request: b'\xfc\x08\x9cV\xa9\xd2\xd2T\x95@\xb5\x08K`\xdak\x079\xe4\xca' size: 20
2021-05-10 12:06:55,116 [DEBUG]: # server response packet: bytearray(b'\x07\x00\x00\x05\x00\x00\x00\x02\x00\x00\x00')
2021-05-10 12:06:55,117 [DEBUG]: Query executed successfully: ** SELECT `changed` FROM drupal.comment where nid=701 ORDER BY changed DESC; 
2021-05-10 12:06:55,118 [DEBUG]: Point Blank - Point Blank
2021-05-10 12:07:05,118 [DEBUG]: pre-readSheet
2021-05-10 12:07:05,145 [DEBUG]: URL being requested: GET https://sheets.googleapis.com/v4/spreadsheets/1pKLuJgnXrOUXp-1hzJaaWJAqsU6U3VMax-i2n2zeSDM/values/Team%20Assignments%21F33?alt=json
2021-05-10 12:07:05,461 [DEBUG]: post-readSheet Point Blank
2021-05-10 12:07:05,475 [DEBUG]: new_auth_plugin: caching_sha2_password
2021-05-10 12:07:05,475 [DEBUG]: # request: b'\x8d\xa7q\x11\xbd\x1d7\x8f\xda\xc3\xfc\xe6\xc7\x14\xeb+\xc4N2t' size: 20
2021-05-10 12:07:05,475 [DEBUG]: # server response packet: bytearray(b'\x07\x00\x00\x05\x00\x00\x00\x02\x00\x00\x00')
2021-05-10 12:07:05,476 [DEBUG]: Query executed successfully: ** SELECT `nid`,`title` FROM drupal.node where title like "%Point Blank%"; 
2021-05-10 12:07:05,490 [DEBUG]: new_auth_plugin: caching_sha2_password
2021-05-10 12:07:05,490 [DEBUG]: # request: b'\x02\xd5\xd0r\x00W\x9a\xec\xf3a\xa6o\x9d\xc2v,64A\xc3' size: 20
2021-05-10 12:07:05,491 [DEBUG]: # server response packet: bytearray(b'\x07\x00\x00\x05\x00\x00\x00\x02\x00\x00\x00')
2021-05-10 12:07:05,492 [DEBUG]: Query executed successfully: ** SELECT `changed` FROM drupal.comment where nid=701 ORDER BY changed DESC; 
2021-05-10 12:07:05,492 [DEBUG]: Point Blank - Point Blank
2021-05-10 12:07:15,493 [DEBUG]: pre-readSheet
2021-05-10 12:07:15,531 [DEBUG]: URL being requested: GET https://sheets.googleapis.com/v4/spreadsheets/1pKLuJgnXrOUXp-1hzJaaWJAqsU6U3VMax-i2n2zeSDM/values/Team%20Assignments%21F33?alt=json
2021-05-10 12:07:15,778 [DEBUG]: post-readSheet Point Blank
2021-05-10 12:07:15,792 [DEBUG]: new_auth_plugin: caching_sha2_password
2021-05-10 12:07:15,792 [DEBUG]: # request: b"\x1d\x89\xeb\x1a\xfcM\xc0#\xcf8'\xab\x19\xb7\xc3p\xca\xf4\xf5\xf8" size: 20
2021-05-10 12:07:15,792 [DEBUG]: # server response packet: bytearray(b'\x07\x00\x00\x05\x00\x00\x00\x02\x00\x00\x00')
2021-05-10 12:07:15,794 [DEBUG]: Query executed successfully: ** SELECT `nid`,`title` FROM drupal.node where title like "%Point Blank%"; 
2021-05-10 12:07:15,808 [DEBUG]: new_auth_plugin: caching_sha2_password
2021-05-10 12:07:15,808 [DEBUG]: # request: b"\xbfC&f\xdfJLs\xe9'\x1e\x0f\x8f\xbb\xf4\xedFU\xb2\r" size: 20
2021-05-10 12:07:15,808 [DEBUG]: # server response packet: bytearray(b'\x07\x00\x00\x05\x00\x00\x00\x02\x00\x00\x00')
2021-05-10 12:07:15,810 [DEBUG]: Query executed successfully: ** SELECT `changed` FROM drupal.comment where nid=701 ORDER BY changed DESC; 
2021-05-10 12:07:15,810 [DEBUG]: Point Blank - Point Blank
2021-05-10 12:07:25,811 [DEBUG]: pre-readSheet
2021-05-10 12:07:25,837 [DEBUG]: URL being requested: GET https://sheets.googleapis.com/v4/spreadsheets/1pKLuJgnXrOUXp-1hzJaaWJAqsU6U3VMax-i2n2zeSDM/values/Team%20Assignments%21F33?alt=json
2021-05-10 12:07:26,078 [DEBUG]: post-readSheet Point Blank
2021-05-10 12:07:26,092 [DEBUG]: new_auth_plugin: caching_sha2_password
2021-05-10 12:07:26,092 [DEBUG]: # request: b'\xe7\x96*\xf2\xd0\x12\xd5~|\x07-\x90\xd8\xdas\xa6\x8f\x18\xe8"' size: 20
2021-05-10 12:07:26,092 [DEBUG]: # server response packet: bytearray(b'\x07\x00\x00\x05\x00\x00\x00\x02\x00\x00\x00')
2021-05-10 12:07:26,094 [DEBUG]: Query executed successfully: ** SELECT `nid`,`title` FROM drupal.node where title like "%Point Blank%"; 
2021-05-10 12:07:26,107 [DEBUG]: new_auth_plugin: caching_sha2_password
2021-05-10 12:07:26,108 [DEBUG]: # request: b'\x87\x17\x88\xe7\xea\x914\xa1n\x8bJ\xc4*\xc5\xe6\x97\x95O\xe5\x98' size: 20
2021-05-10 12:07:26,108 [DEBUG]: # server response packet: bytearray(b'\x07\x00\x00\x05\x00\x00\x00\x02\x00\x00\x00')
2021-05-10 12:07:26,109 [DEBUG]: Query executed successfully: ** SELECT `changed` FROM drupal.comment where nid=701 ORDER BY changed DESC; 
2021-05-10 12:07:26,110 [DEBUG]: Point Blank - Point Blank
2021-05-10 12:07:36,111 [DEBUG]: pre-readSheet
2021-05-10 12:07:36,137 [DEBUG]: URL being requested: GET https://sheets.googleapis.com/v4/spreadsheets/1pKLuJgnXrOUXp-1hzJaaWJAqsU6U3VMax-i2n2zeSDM/values/Team%20Assignments%21F33?alt=json
2021-05-10 12:07:36,456 [DEBUG]: post-readSheet Point Blank
2021-05-10 12:07:36,470 [DEBUG]: new_auth_plugin: caching_sha2_password
2021-05-10 12:07:36,470 [DEBUG]: # request: b'z\n\x86\x0e\xcc\xbfo\xed\x06\x95l:n@\xee\xd6\x9f1\x85\x1b' size: 20
2021-05-10 12:07:36,470 [DEBUG]: # server response packet: bytearray(b'\x07\x00\x00\x05\x00\x00\x00\x02\x00\x00\x00')
2021-05-10 12:07:36,471 [DEBUG]: Query executed successfully: ** SELECT `nid`,`title` FROM drupal.node where title like "%Point Blank%"; 
2021-05-10 12:07:36,485 [DEBUG]: new_auth_plugin: caching_sha2_password
2021-05-10 12:07:36,486 [DEBUG]: # request: b'\xe1\xe6\xc5\x1b\x7f\xfe=@\x17#x\xd0\x14.\x82Zi\xc26\x96' size: 20
2021-05-10 12:07:36,486 [DEBUG]: # server response packet: bytearray(b'\x07\x00\x00\x05\x00\x00\x00\x02\x00\x00\x00')
2021-05-10 12:07:36,487 [DEBUG]: Query executed successfully: ** SELECT `changed` FROM drupal.comment where nid=701 ORDER BY changed DESC; 
2021-05-10 12:07:36,488 [DEBUG]: Point Blank - Point Blank
2021-05-10 12:07:46,489 [DEBUG]: pre-readSheet
2021-05-10 12:07:46,518 [DEBUG]: URL being requested: GET https://sheets.googleapis.com/v4/spreadsheets/1pKLuJgnXrOUXp-1hzJaaWJAqsU6U3VMax-i2n2zeSDM/values/Team%20Assignments%21F33?alt=json
2021-05-10 12:07:46,840 [DEBUG]: post-readSheet Point Blank
2021-05-10 12:07:46,853 [DEBUG]: new_auth_plugin: caching_sha2_password
2021-05-10 12:07:46,854 [DEBUG]: # request: b"\x19\x9b\x07U\x11Z\xc8\xa6\xc9\xf9{3\x06'm\x94v\x1dM\x80" size: 20
2021-05-10 12:07:46,854 [DEBUG]: # server response packet: bytearray(b'\x07\x00\x00\x05\x00\x00\x00\x02\x00\x00\x00')
2021-05-10 12:07:46,855 [DEBUG]: Query executed successfully: ** SELECT `nid`,`title` FROM drupal.node where title like "%Point Blank%"; 
2021-05-10 12:07:46,870 [DEBUG]: new_auth_plugin: caching_sha2_password
2021-05-10 12:07:46,870 [DEBUG]: # request: b'%\xb3\x8b\xd3+;\x02\x1e\x94\x01\x18\x9e\xed\xce\xef\xc2\xc3\x8e\x94\xa3' size: 20
2021-05-10 12:07:46,870 [DEBUG]: # server response packet: bytearray(b'\x07\x00\x00\x05\x00\x00\x00\x02\x00\x00\x00')
2021-05-10 12:07:46,872 [DEBUG]: Query executed successfully: ** SELECT `changed` FROM drupal.comment where nid=701 ORDER BY changed DESC; 
2021-05-10 12:07:46,872 [DEBUG]: Point Blank - Point Blank
2021-05-10 12:07:56,873 [DEBUG]: pre-readSheet
2021-05-10 12:07:56,899 [DEBUG]: URL being requested: GET https://sheets.googleapis.com/v4/spreadsheets/1pKLuJgnXrOUXp-1hzJaaWJAqsU6U3VMax-i2n2zeSDM/values/Team%20Assignments%21F33?alt=json
2021-05-10 12:07:57,144 [DEBUG]: post-readSheet Point Blank
2021-05-10 12:07:57,157 [DEBUG]: new_auth_plugin: caching_sha2_password
2021-05-10 12:07:57,157 [DEBUG]: # request: b'\x00\xc1\xdc\xc5\x86>\xec\xbf\x9d\xe1\xed\x9b|\xe5\xd3,\xe0F\xcf\xf9' size: 20
2021-05-10 12:07:57,158 [DEBUG]: # server response packet: bytearray(b'\x07\x00\x00\x05\x00\x00\x00\x02\x00\x00\x00')
2021-05-10 12:07:57,159 [DEBUG]: Query executed successfully: ** SELECT `nid`,`title` FROM drupal.node where title like "%Point Blank%"; 
2021-05-10 12:07:57,173 [DEBUG]: new_auth_plugin: caching_sha2_password
2021-05-10 12:07:57,173 [DEBUG]: # request: b'<,\x05M\x82<T*\xff`\x1e\xf4Z\x19\xac\xb4c\xbd?)' size: 20
2021-05-10 12:07:57,173 [DEBUG]: # server response packet: bytearray(b'\x07\x00\x00\x05\x00\x00\x00\x02\x00\x00\x00')
2021-05-10 12:07:57,175 [DEBUG]: Query executed successfully: ** SELECT `changed` FROM drupal.comment where nid=701 ORDER BY changed DESC; 
2021-05-10 12:07:57,175 [DEBUG]: Point Blank - Point Blank
2021-05-10 12:08:07,176 [DEBUG]: pre-readSheet
2021-05-10 12:08:07,203 [DEBUG]: URL being requested: GET https://sheets.googleapis.com/v4/spreadsheets/1pKLuJgnXrOUXp-1hzJaaWJAqsU6U3VMax-i2n2zeSDM/values/Team%20Assignments%21F33?alt=json
2021-05-10 12:08:07,514 [DEBUG]: post-readSheet Point Blank
2021-05-10 12:08:07,528 [DEBUG]: new_auth_plugin: caching_sha2_password
2021-05-10 12:08:07,528 [DEBUG]: # request: b"\xa3\xaa\x85\x15J`6\xa3\x1c'\x07\x90\xbc\x10\x83q{\xb5\x81\xcb" size: 20
2021-05-10 12:08:07,528 [DEBUG]: # server response packet: bytearray(b'\x07\x00\x00\x05\x00\x00\x00\x02\x00\x00\x00')
2021-05-10 12:08:07,530 [DEBUG]: Query executed successfully: ** SELECT `nid`,`title` FROM drupal.node where title like "%Point Blank%"; 
2021-05-10 12:08:07,543 [DEBUG]: new_auth_plugin: caching_sha2_password
2021-05-10 12:08:07,544 [DEBUG]: # request: b'\xddb{a1S\xe2O\x86b\xcb`*\xd3\xd3E}\xb8\xa2\xbc' size: 20
2021-05-10 12:08:07,544 [DEBUG]: # server response packet: bytearray(b'\x07\x00\x00\x05\x00\x00\x00\x02\x00\x00\x00')
2021-05-10 12:08:07,545 [DEBUG]: Query executed successfully: ** SELECT `changed` FROM drupal.comment where nid=701 ORDER BY changed DESC; 
2021-05-10 12:08:07,546 [DEBUG]: Point Blank - Point Blank
2021-05-10 12:08:17,547 [DEBUG]: pre-readSheet
2021-05-10 12:08:17,573 [DEBUG]: URL being requested: GET https://sheets.googleapis.com/v4/spreadsheets/1pKLuJgnXrOUXp-1hzJaaWJAqsU6U3VMax-i2n2zeSDM/values/Team%20Assignments%21F33?alt=json
2021-05-10 12:08:17,913 [DEBUG]: post-readSheet Point Blank
2021-05-10 12:08:17,927 [DEBUG]: new_auth_plugin: caching_sha2_password
2021-05-10 12:08:17,927 [DEBUG]: # request: b'G\xf3\xdbd\xe5\xa6\xe1.\x08\xf6\x8c\xc9\xe3\xd1\xa8\x91\xa7\xc3^\x8c' size: 20
2021-05-10 12:08:17,928 [DEBUG]: # server response packet: bytearray(b'\x07\x00\x00\x05\x00\x00\x00\x02\x00\x00\x00')
2021-05-10 12:08:17,929 [DEBUG]: Query executed successfully: ** SELECT `nid`,`title` FROM drupal.node where title like "%Point Blank%"; 
2021-05-10 12:08:17,942 [DEBUG]: new_auth_plugin: caching_sha2_password
2021-05-10 12:08:17,942 [DEBUG]: # request: b'C/\x9cI\xfc\xb5e\xfb>\x06\xde\x9e_\xc3\x17\xf5\xed\x17W\xeb' size: 20
2021-05-10 12:08:17,943 [DEBUG]: # server response packet: bytearray(b'\x07\x00\x00\x05\x00\x00\x00\x02\x00\x00\x00')
2021-05-10 12:08:17,944 [DEBUG]: Query executed successfully: ** SELECT `changed` FROM drupal.comment where nid=701 ORDER BY changed DESC; 
2021-05-10 12:08:17,945 [DEBUG]: Point Blank - Point Blank
2021-05-10 12:08:27,945 [DEBUG]: pre-readSheet
2021-05-10 12:08:27,971 [DEBUG]: URL being requested: GET https://sheets.googleapis.com/v4/spreadsheets/1pKLuJgnXrOUXp-1hzJaaWJAqsU6U3VMax-i2n2zeSDM/values/Team%20Assignments%21F33?alt=json
2021-05-10 12:08:28,216 [DEBUG]: post-readSheet Point Blank
2021-05-10 12:08:28,230 [DEBUG]: new_auth_plugin: caching_sha2_password
2021-05-10 12:08:28,230 [DEBUG]: # request: b'\x00\x8f\x86o\x9c\xc6\xaa\x12xBj\x08\xcd/c\xb3\xad\xce\xddb' size: 20
2021-05-10 12:08:28,230 [DEBUG]: # server response packet: bytearray(b'\x07\x00\x00\x05\x00\x00\x00\x02\x00\x00\x00')
2021-05-10 12:08:28,232 [DEBUG]: Query executed successfully: ** SELECT `nid`,`title` FROM drupal.node where title like "%Point Blank%"; 
2021-05-10 12:08:28,245 [DEBUG]: new_auth_plugin: caching_sha2_password
2021-05-10 12:08:28,246 [DEBUG]: # request: b'(\xeb>{0\xa2.+\xcf\xa9v\xc0\x19s5\xca\xbb\x83<:' size: 20
2021-05-10 12:08:28,246 [DEBUG]: # server response packet: bytearray(b'\x07\x00\x00\x05\x00\x00\x00\x02\x00\x00\x00')
2021-05-10 12:08:28,247 [DEBUG]: Query executed successfully: ** SELECT `changed` FROM drupal.comment where nid=701 ORDER BY changed DESC; 
2021-05-10 12:08:28,248 [DEBUG]: Point Blank - Point Blank
2021-05-10 12:08:38,249 [DEBUG]: pre-readSheet
2021-05-10 12:08:38,274 [DEBUG]: URL being requested: GET https://sheets.googleapis.com/v4/spreadsheets/1pKLuJgnXrOUXp-1hzJaaWJAqsU6U3VMax-i2n2zeSDM/values/Team%20Assignments%21F33?alt=json
2021-05-10 12:08:38,514 [DEBUG]: post-readSheet Point Blank
2021-05-10 12:08:38,527 [DEBUG]: new_auth_plugin: caching_sha2_password
2021-05-10 12:08:38,527 [DEBUG]: # request: b'\xe7V\xc0\xc8l\x88V+\xda\xdd58\xb1\xc2\xfc\x90\xdec\x14\x16' size: 20
2021-05-10 12:08:38,528 [DEBUG]: # server response packet: bytearray(b'\x07\x00\x00\x05\x00\x00\x00\x02\x00\x00\x00')
2021-05-10 12:08:38,529 [DEBUG]: Query executed successfully: ** SELECT `nid`,`title` FROM drupal.node where title like "%Point Blank%"; 
2021-05-10 12:08:38,543 [DEBUG]: new_auth_plugin: caching_sha2_password
2021-05-10 12:08:38,543 [DEBUG]: # request: b'\x94S*\xa9\x1a\xac\xa2\x94\xb2\xfb\x05*\xdc\xc6\xf1\x90\xebu\x95\xbd' size: 20
2021-05-10 12:08:38,543 [DEBUG]: # server response packet: bytearray(b'\x07\x00\x00\x05\x00\x00\x00\x02\x00\x00\x00')
2021-05-10 12:08:38,545 [DEBUG]: Query executed successfully: ** SELECT `changed` FROM drupal.comment where nid=701 ORDER BY changed DESC; 
2021-05-10 12:08:38,545 [DEBUG]: Point Blank - Point Blank
2021-05-10 12:08:48,545 [DEBUG]: pre-readSheet
2021-05-10 12:08:48,571 [DEBUG]: URL being requested: GET https://sheets.googleapis.com/v4/spreadsheets/1pKLuJgnXrOUXp-1hzJaaWJAqsU6U3VMax-i2n2zeSDM/values/Team%20Assignments%21F33?alt=json
2021-05-10 12:08:48,811 [DEBUG]: post-readSheet Point Blank
2021-05-10 12:08:48,825 [DEBUG]: new_auth_plugin: caching_sha2_password
2021-05-10 12:08:48,825 [DEBUG]: # request: b'\x1e\x1bQY\n\x1d\xb1`\x0e\x0e$_\x97M\xca\xb4\x05\xff\xa3\t' size: 20
2021-05-10 12:08:48,825 [DEBUG]: # server response packet: bytearray(b'\x07\x00\x00\x05\x00\x00\x00\x02\x00\x00\x00')
2021-05-10 12:08:48,826 [DEBUG]: Query executed successfully: ** SELECT `nid`,`title` FROM drupal.node where title like "%Point Blank%"; 
2021-05-10 12:08:48,840 [DEBUG]: new_auth_plugin: caching_sha2_password
2021-05-10 12:08:48,840 [DEBUG]: # request: b'\xc5\xdb\x81\x13b\xa9DW\xa7T!^\x05\x8cLd\xa7\x86\x96\x1d' size: 20
2021-05-10 12:08:48,841 [DEBUG]: # server response packet: bytearray(b'\x07\x00\x00\x05\x00\x00\x00\x02\x00\x00\x00')
2021-05-10 12:08:48,842 [DEBUG]: Query executed successfully: ** SELECT `changed` FROM drupal.comment where nid=701 ORDER BY changed DESC; 
2021-05-10 12:08:48,843 [DEBUG]: Point Blank - Point Blank
2021-05-10 12:08:58,844 [DEBUG]: pre-readSheet
2021-05-10 12:08:58,872 [DEBUG]: URL being requested: GET https://sheets.googleapis.com/v4/spreadsheets/1pKLuJgnXrOUXp-1hzJaaWJAqsU6U3VMax-i2n2zeSDM/values/Team%20Assignments%21F33?alt=json
2021-05-10 12:08:59,103 [DEBUG]: post-readSheet Point Blank
2021-05-10 12:08:59,118 [DEBUG]: new_auth_plugin: caching_sha2_password
2021-05-10 12:08:59,118 [DEBUG]: # request: b'fx\xf6\xfa1\ty\xbf\xf7\xab\xe4|\x98\xec#\xc91U.2' size: 20
2021-05-10 12:08:59,118 [DEBUG]: # server response packet: bytearray(b'\x07\x00\x00\x05\x00\x00\x00\x02\x00\x00\x00')
2021-05-10 12:08:59,119 [DEBUG]: Query executed successfully: ** SELECT `nid`,`title` FROM drupal.node where title like "%Point Blank%"; 
2021-05-10 12:08:59,134 [DEBUG]: new_auth_plugin: caching_sha2_password
2021-05-10 12:08:59,134 [DEBUG]: # request: b'M\x9c5h]\xeeRv\xef\xd0\xe3\xa2\x8dO\xd3\x9f3\x0f\x0e\x9e' size: 20
2021-05-10 12:08:59,135 [DEBUG]: # server response packet: bytearray(b'\x07\x00\x00\x05\x00\x00\x00\x02\x00\x00\x00')
2021-05-10 12:08:59,136 [DEBUG]: Query executed successfully: ** SELECT `changed` FROM drupal.comment where nid=701 ORDER BY changed DESC; 
2021-05-10 12:08:59,137 [DEBUG]: Point Blank - Point Blank
2021-05-10 12:09:09,138 [DEBUG]: pre-readSheet
2021-05-10 12:09:09,164 [DEBUG]: URL being requested: GET https://sheets.googleapis.com/v4/spreadsheets/1pKLuJgnXrOUXp-1hzJaaWJAqsU6U3VMax-i2n2zeSDM/values/Team%20Assignments%21F33?alt=json
2021-05-10 12:09:09,419 [DEBUG]: post-readSheet Point Blank
2021-05-10 12:09:09,432 [DEBUG]: new_auth_plugin: caching_sha2_password
2021-05-10 12:09:09,433 [DEBUG]: # request: b'\xcbq\xc0e\x012gk\xfa%T\xdc\xf79q\xb2\x1at\xab\xb9' size: 20
2021-05-10 12:09:09,433 [DEBUG]: # server response packet: bytearray(b'\x07\x00\x00\x05\x00\x00\x00\x02\x00\x00\x00')
2021-05-10 12:09:09,434 [DEBUG]: Query executed successfully: ** SELECT `nid`,`title` FROM drupal.node where title like "%Point Blank%"; 
2021-05-10 12:09:09,448 [DEBUG]: new_auth_plugin: caching_sha2_password
2021-05-10 12:09:09,448 [DEBUG]: # request: b'\xee\xac+\t\xbb\x03\xab#\x82z\xad\xbf\x1c\xd4\xa6\x06\xfe!(Y' size: 20
2021-05-10 12:09:09,448 [DEBUG]: # server response packet: bytearray(b'\x07\x00\x00\x05\x00\x00\x00\x02\x00\x00\x00')
2021-05-10 12:09:09,450 [DEBUG]: Query executed successfully: ** SELECT `changed` FROM drupal.comment where nid=701 ORDER BY changed DESC; 
2021-05-10 12:09:09,450 [DEBUG]: Point Blank - Point Blank
2021-05-10 12:09:19,451 [DEBUG]: pre-readSheet
2021-05-10 12:09:19,480 [DEBUG]: URL being requested: GET https://sheets.googleapis.com/v4/spreadsheets/1pKLuJgnXrOUXp-1hzJaaWJAqsU6U3VMax-i2n2zeSDM/values/Team%20Assignments%21F33?alt=json
2021-05-10 12:09:19,710 [DEBUG]: post-readSheet Point Blank
2021-05-10 12:09:19,724 [DEBUG]: new_auth_plugin: caching_sha2_password
2021-05-10 12:09:19,724 [DEBUG]: # request: b'\xc1\x0c\x0c-hUJ7\xff\x10i\xe1\xfb"\xdc\xf9.r8\\' size: 20
2021-05-10 12:09:19,725 [DEBUG]: # server response packet: bytearray(b'\x07\x00\x00\x05\x00\x00\x00\x02\x00\x00\x00')
2021-05-10 12:09:19,726 [DEBUG]: Query executed successfully: ** SELECT `nid`,`title` FROM drupal.node where title like "%Point Blank%"; 
2021-05-10 12:09:19,741 [DEBUG]: new_auth_plugin: caching_sha2_password
2021-05-10 12:09:19,741 [DEBUG]: # request: b'e\x02\x12n\x19\xae\xfc?\x07\xa2\xad\x11j\x1a@\xf7\xb6\x85\x1f\xf1' size: 20
2021-05-10 12:09:19,741 [DEBUG]: # server response packet: bytearray(b'\x07\x00\x00\x05\x00\x00\x00\x02\x00\x00\x00')
2021-05-10 12:09:19,742 [DEBUG]: Query executed successfully: ** SELECT `changed` FROM drupal.comment where nid=701 ORDER BY changed DESC; 
2021-05-10 12:09:19,743 [DEBUG]: Point Blank - Point Blank
2021-05-10 12:09:29,743 [DEBUG]: pre-readSheet
2021-05-10 12:09:29,770 [DEBUG]: URL being requested: GET https://sheets.googleapis.com/v4/spreadsheets/1pKLuJgnXrOUXp-1hzJaaWJAqsU6U3VMax-i2n2zeSDM/values/Team%20Assignments%21F33?alt=json
2021-05-10 12:09:30,081 [DEBUG]: post-readSheet Point Blank
2021-05-10 12:09:30,095 [DEBUG]: new_auth_plugin: caching_sha2_password
2021-05-10 12:09:30,095 [DEBUG]: # request: b'\x15YG\x00M\xd1$\x1f8\x96\xcd\x85z\xd9\xebU\xc3\xd3\x98\x92' size: 20
2021-05-10 12:09:30,095 [DEBUG]: # server response packet: bytearray(b'\x07\x00\x00\x05\x00\x00\x00\x02\x00\x00\x00')
2021-05-10 12:09:30,097 [DEBUG]: Query executed successfully: ** SELECT `nid`,`title` FROM drupal.node where title like "%Point Blank%"; 
2021-05-10 12:09:30,110 [DEBUG]: new_auth_plugin: caching_sha2_password
2021-05-10 12:09:30,110 [DEBUG]: # request: b'kH\xb6\xfab\xdc>lN;5Q_\x87\xfa\xa6_\x9c\xb6\x89' size: 20
2021-05-10 12:09:30,111 [DEBUG]: # server response packet: bytearray(b'\x07\x00\x00\x05\x00\x00\x00\x02\x00\x00\x00')
2021-05-10 12:09:30,112 [DEBUG]: Query executed successfully: ** SELECT `changed` FROM drupal.comment where nid=701 ORDER BY changed DESC; 
2021-05-10 12:09:30,112 [DEBUG]: Point Blank - Point Blank
2021-05-10 12:09:40,113 [DEBUG]: pre-readSheet
2021-05-10 12:09:40,139 [DEBUG]: URL being requested: GET https://sheets.googleapis.com/v4/spreadsheets/1pKLuJgnXrOUXp-1hzJaaWJAqsU6U3VMax-i2n2zeSDM/values/Team%20Assignments%21F33?alt=json
2021-05-10 12:09:40,382 [DEBUG]: post-readSheet Point Blank
2021-05-10 12:09:40,395 [DEBUG]: new_auth_plugin: caching_sha2_password
2021-05-10 12:09:40,395 [DEBUG]: # request: b'\xfe\xc1\x17v\xc6\xd0\xac,\xf1\xcd\xbc\xa4\xf7\x84\x18\x89\xf0*c\xf8' size: 20
2021-05-10 12:09:40,396 [DEBUG]: # server response packet: bytearray(b'\x07\x00\x00\x05\x00\x00\x00\x02\x00\x00\x00')
2021-05-10 12:09:40,397 [DEBUG]: Query executed successfully: ** SELECT `nid`,`title` FROM drupal.node where title like "%Point Blank%"; 
2021-05-10 12:09:40,411 [DEBUG]: new_auth_plugin: caching_sha2_password
2021-05-10 12:09:40,411 [DEBUG]: # request: b'LUKhK\xaa\xf9Kj\x9f@\x7fR\x82\xc1\xd3hS<+' size: 20
2021-05-10 12:09:40,411 [DEBUG]: # server response packet: bytearray(b'\x07\x00\x00\x05\x00\x00\x00\x02\x00\x00\x00')
2021-05-10 12:09:40,413 [DEBUG]: Query executed successfully: ** SELECT `changed` FROM drupal.comment where nid=701 ORDER BY changed DESC; 
2021-05-10 12:09:40,413 [DEBUG]: Point Blank - Point Blank
2021-05-10 12:09:50,413 [DEBUG]: pre-readSheet
2021-05-10 12:09:50,438 [DEBUG]: URL being requested: GET https://sheets.googleapis.com/v4/spreadsheets/1pKLuJgnXrOUXp-1hzJaaWJAqsU6U3VMax-i2n2zeSDM/values/Team%20Assignments%21F33?alt=json
2021-05-10 12:09:50,677 [DEBUG]: post-readSheet Point Blank
2021-05-10 12:09:50,690 [DEBUG]: new_auth_plugin: caching_sha2_password
2021-05-10 12:09:50,690 [DEBUG]: # request: b'\x84\xae\x16\xc1\xa7[\x0b\xcf\x8d=4\xee\xdf\x92\xed7\xf2/y\xa9' size: 20
2021-05-10 12:09:50,691 [DEBUG]: # server response packet: bytearray(b'\x07\x00\x00\x05\x00\x00\x00\x02\x00\x00\x00')
2021-05-10 12:09:50,692 [DEBUG]: Query executed successfully: ** SELECT `nid`,`title` FROM drupal.node where title like "%Point Blank%"; 
2021-05-10 12:09:50,706 [DEBUG]: new_auth_plugin: caching_sha2_password
2021-05-10 12:09:50,706 [DEBUG]: # request: b'\xa0\xf2S\xafB_\x0e\xd1W\xfc\xe7\xfe\x89=3G\xcc\xf4d}' size: 20
2021-05-10 12:09:50,706 [DEBUG]: # server response packet: bytearray(b'\x07\x00\x00\x05\x00\x00\x00\x02\x00\x00\x00')
2021-05-10 12:09:50,708 [DEBUG]: Query executed successfully: ** SELECT `changed` FROM drupal.comment where nid=701 ORDER BY changed DESC; 
2021-05-10 12:09:50,708 [DEBUG]: Point Blank - Point Blank
2021-05-10 12:10:00,708 [DEBUG]: pre-readSheet
2021-05-10 12:10:00,733 [DEBUG]: URL being requested: GET https://sheets.googleapis.com/v4/spreadsheets/1pKLuJgnXrOUXp-1hzJaaWJAqsU6U3VMax-i2n2zeSDM/values/Team%20Assignments%21F33?alt=json
2021-05-10 12:10:00,975 [DEBUG]: post-readSheet Point Blank
2021-05-10 12:10:00,988 [DEBUG]: new_auth_plugin: caching_sha2_password
2021-05-10 12:10:00,989 [DEBUG]: # request: b'\x15\xe0\xa2\xcf\xe7\xbaA[\x98\xc1<\xf1\xcc\x89&o\x98\xa0\x9c\x87' size: 20
2021-05-10 12:10:00,989 [DEBUG]: # server response packet: bytearray(b'\x07\x00\x00\x05\x00\x00\x00\x02\x00\x00\x00')
2021-05-10 12:10:00,990 [DEBUG]: Query executed successfully: ** SELECT `nid`,`title` FROM drupal.node where title like "%Point Blank%"; 
2021-05-10 12:10:01,004 [DEBUG]: new_auth_plugin: caching_sha2_password
2021-05-10 12:10:01,004 [DEBUG]: # request: b'zq\xb4\x8b\xcc\xbd\x96\xc2\xb0y\x9b]\xd1/\xfa%[\x18v%' size: 20
2021-05-10 12:10:01,004 [DEBUG]: # server response packet: bytearray(b'\x07\x00\x00\x05\x00\x00\x00\x02\x00\x00\x00')
2021-05-10 12:10:01,006 [DEBUG]: Query executed successfully: ** SELECT `changed` FROM drupal.comment where nid=701 ORDER BY changed DESC; 
2021-05-10 12:10:01,006 [DEBUG]: Point Blank - Point Blank
2021-05-10 12:10:11,006 [DEBUG]: pre-readSheet
2021-05-10 12:10:11,032 [DEBUG]: URL being requested: GET https://sheets.googleapis.com/v4/spreadsheets/1pKLuJgnXrOUXp-1hzJaaWJAqsU6U3VMax-i2n2zeSDM/values/Team%20Assignments%21F33?alt=json
2021-05-10 12:10:11,273 [DEBUG]: post-readSheet Point Blank
2021-05-10 12:10:11,286 [DEBUG]: new_auth_plugin: caching_sha2_password
2021-05-10 12:10:11,286 [DEBUG]: # request: b'c\x0b6\x98\xd7\xad\x80z\xca\xab\xf7\xe1\x8d\x9fD\xd0\x1d\xd6\x887' size: 20
2021-05-10 12:10:11,287 [DEBUG]: # server response packet: bytearray(b'\x07\x00\x00\x05\x00\x00\x00\x02\x00\x00\x00')
2021-05-10 12:10:11,288 [DEBUG]: Query executed successfully: ** SELECT `nid`,`title` FROM drupal.node where title like "%Point Blank%"; 
2021-05-10 12:10:11,302 [DEBUG]: new_auth_plugin: caching_sha2_password
2021-05-10 12:10:11,302 [DEBUG]: # request: b'\x8bqj\x11\xf4e\xc3\xf2\x9e(\xe20?\xf6\x8d^\xea\xa1\xff\xfc' size: 20
2021-05-10 12:10:11,302 [DEBUG]: # server response packet: bytearray(b'\x07\x00\x00\x05\x00\x00\x00\x02\x00\x00\x00')
2021-05-10 12:10:11,304 [DEBUG]: Query executed successfully: ** SELECT `changed` FROM drupal.comment where nid=701 ORDER BY changed DESC; 
2021-05-10 12:10:11,304 [DEBUG]: Point Blank - Point Blank
2021-05-10 12:10:21,305 [DEBUG]: pre-readSheet
2021-05-10 12:10:21,330 [DEBUG]: URL being requested: GET https://sheets.googleapis.com/v4/spreadsheets/1pKLuJgnXrOUXp-1hzJaaWJAqsU6U3VMax-i2n2zeSDM/values/Team%20Assignments%21F33?alt=json
2021-05-10 12:10:21,645 [DEBUG]: post-readSheet Point Blank
2021-05-10 12:10:21,659 [DEBUG]: new_auth_plugin: caching_sha2_password
2021-05-10 12:10:21,659 [DEBUG]: # request: b'\x90\xad\xf4\x99f\xe4\xff\x90\x05\x84\xae3E`\xd5\x01lN\xeb\xc9' size: 20
2021-05-10 12:10:21,659 [DEBUG]: # server response packet: bytearray(b'\x07\x00\x00\x05\x00\x00\x00\x02\x00\x00\x00')
2021-05-10 12:10:21,660 [DEBUG]: Query executed successfully: ** SELECT `nid`,`title` FROM drupal.node where title like "%Point Blank%"; 
2021-05-10 12:10:21,674 [DEBUG]: new_auth_plugin: caching_sha2_password
2021-05-10 12:10:21,674 [DEBUG]: # request: b'T\xcc\xb0\xa8w&r\xf0\xf1MRyt\x1e\xab\xb3eN\x18\xe8' size: 20
2021-05-10 12:10:21,675 [DEBUG]: # server response packet: bytearray(b'\x07\x00\x00\x05\x00\x00\x00\x02\x00\x00\x00')
2021-05-10 12:10:21,676 [DEBUG]: Query executed successfully: ** SELECT `changed` FROM drupal.comment where nid=701 ORDER BY changed DESC; 
2021-05-10 12:10:21,677 [DEBUG]: Point Blank - Point Blank
2021-05-10 12:10:31,678 [DEBUG]: pre-readSheet
2021-05-10 12:10:31,704 [DEBUG]: URL being requested: GET https://sheets.googleapis.com/v4/spreadsheets/1pKLuJgnXrOUXp-1hzJaaWJAqsU6U3VMax-i2n2zeSDM/values/Team%20Assignments%21F33?alt=json
2021-05-10 12:10:31,941 [DEBUG]: post-readSheet Point Blank
2021-05-10 12:10:31,954 [DEBUG]: new_auth_plugin: caching_sha2_password
2021-05-10 12:10:31,954 [DEBUG]: # request: b'^\x1b\xde\xcb\xc2\xa1\x83;1=mB\xc0\x1f\xee\x85S\xf1\xe4r' size: 20
2021-05-10 12:10:31,955 [DEBUG]: # server response packet: bytearray(b'\x07\x00\x00\x05\x00\x00\x00\x02\x00\x00\x00')
2021-05-10 12:10:31,956 [DEBUG]: Query executed successfully: ** SELECT `nid`,`title` FROM drupal.node where title like "%Point Blank%"; 
2021-05-10 12:10:31,971 [DEBUG]: new_auth_plugin: caching_sha2_password
2021-05-10 12:10:31,971 [DEBUG]: # request: b'\xc9\x03\xd0"\xf1\'3E\xdb\xfe\xcbE\x92\xf9\xcf:|\xca\xf3\xd8' size: 20
2021-05-10 12:10:31,971 [DEBUG]: # server response packet: bytearray(b'\x07\x00\x00\x05\x00\x00\x00\x02\x00\x00\x00')
2021-05-10 12:10:31,972 [DEBUG]: Query executed successfully: ** SELECT `changed` FROM drupal.comment where nid=701 ORDER BY changed DESC; 
2021-05-10 12:10:31,973 [DEBUG]: Point Blank - Point Blank
2021-05-10 12:10:41,973 [DEBUG]: pre-readSheet
2021-05-10 12:10:41,998 [DEBUG]: URL being requested: GET https://sheets.googleapis.com/v4/spreadsheets/1pKLuJgnXrOUXp-1hzJaaWJAqsU6U3VMax-i2n2zeSDM/values/Team%20Assignments%21F33?alt=json
2021-05-10 12:10:42,317 [DEBUG]: post-readSheet Point Blank
2021-05-10 12:10:42,331 [DEBUG]: new_auth_plugin: caching_sha2_password
2021-05-10 12:10:42,331 [DEBUG]: # request: b'\xaa\x16 \xfak\xd6\xaa\xc8u\xd56S\xca\xe8\x1bS[\x04P\xa6' size: 20
2021-05-10 12:10:42,331 [DEBUG]: # server response packet: bytearray(b'\x07\x00\x00\x05\x00\x00\x00\x02\x00\x00\x00')
2021-05-10 12:10:42,332 [DEBUG]: Query executed successfully: ** SELECT `nid`,`title` FROM drupal.node where title like "%Point Blank%"; 
2021-05-10 12:10:42,346 [DEBUG]: new_auth_plugin: caching_sha2_password
2021-05-10 12:10:42,346 [DEBUG]: # request: b'\x105\xe5\xff\xe5ij\xf8\x0f`\xa03fJ\xeaea\xb3\xad\x9d' size: 20
2021-05-10 12:10:42,346 [DEBUG]: # server response packet: bytearray(b'\x07\x00\x00\x05\x00\x00\x00\x02\x00\x00\x00')
2021-05-10 12:10:42,348 [DEBUG]: Query executed successfully: ** SELECT `changed` FROM drupal.comment where nid=701 ORDER BY changed DESC; 
2021-05-10 12:10:42,349 [DEBUG]: Point Blank - Point Blank
2021-05-10 12:10:52,350 [DEBUG]: pre-readSheet
2021-05-10 12:10:52,377 [DEBUG]: URL being requested: GET https://sheets.googleapis.com/v4/spreadsheets/1pKLuJgnXrOUXp-1hzJaaWJAqsU6U3VMax-i2n2zeSDM/values/Team%20Assignments%21F33?alt=json
2021-05-10 12:10:52,695 [DEBUG]: post-readSheet Point Blank
2021-05-10 12:10:52,709 [DEBUG]: new_auth_plugin: caching_sha2_password
2021-05-10 12:10:52,709 [DEBUG]: # request: b'\x00d\xab\n\x00\xb8\x1dJ(\xe8\xfa2DH\xebylM\xf5i' size: 20
2021-05-10 12:10:52,709 [DEBUG]: # server response packet: bytearray(b'\x07\x00\x00\x05\x00\x00\x00\x02\x00\x00\x00')
2021-05-10 12:10:52,710 [DEBUG]: Query executed successfully: ** SELECT `nid`,`title` FROM drupal.node where title like "%Point Blank%"; 
2021-05-10 12:10:52,724 [DEBUG]: new_auth_plugin: caching_sha2_password
2021-05-10 12:10:52,725 [DEBUG]: # request: b'\xab\xdb\x9b)\x97f\x84\xc4\x05,\x85=\x95\xf9i\x02\xd7K\xfe&' size: 20
2021-05-10 12:10:52,725 [DEBUG]: # server response packet: bytearray(b'\x07\x00\x00\x05\x00\x00\x00\x02\x00\x00\x00')
2021-05-10 12:10:52,726 [DEBUG]: Query executed successfully: ** SELECT `changed` FROM drupal.comment where nid=701 ORDER BY changed DESC; 
2021-05-10 12:10:52,727 [DEBUG]: Point Blank - Point Blank
2021-05-10 12:11:02,728 [DEBUG]: pre-readSheet
2021-05-10 12:11:02,754 [DEBUG]: URL being requested: GET https://sheets.googleapis.com/v4/spreadsheets/1pKLuJgnXrOUXp-1hzJaaWJAqsU6U3VMax-i2n2zeSDM/values/Team%20Assignments%21F33?alt=json
2021-05-10 12:11:02,998 [DEBUG]: post-readSheet Point Blank
2021-05-10 12:11:03,012 [DEBUG]: new_auth_plugin: caching_sha2_password
2021-05-10 12:11:03,012 [DEBUG]: # request: b'\xfej*\x11b\x81C\x7f:f&dE\x9c\xcf\xe8\xd5\x84\x86\xee' size: 20
2021-05-10 12:11:03,012 [DEBUG]: # server response packet: bytearray(b'\x07\x00\x00\x05\x00\x00\x00\x02\x00\x00\x00')
2021-05-10 12:11:03,013 [DEBUG]: Query executed successfully: ** SELECT `nid`,`title` FROM drupal.node where title like "%Point Blank%"; 
2021-05-10 12:11:03,027 [DEBUG]: new_auth_plugin: caching_sha2_password
2021-05-10 12:11:03,028 [DEBUG]: # request: b'\x8d\xa5\x1b\xc1\xe1S@\xa0\xdc1\x10\xef\x15\xe28[\xc2\xd7I\xfd' size: 20
2021-05-10 12:11:03,028 [DEBUG]: # server response packet: bytearray(b'\x07\x00\x00\x05\x00\x00\x00\x02\x00\x00\x00')
2021-05-10 12:11:03,029 [DEBUG]: Query executed successfully: ** SELECT `changed` FROM drupal.comment where nid=701 ORDER BY changed DESC; 
2021-05-10 12:11:03,030 [DEBUG]: Point Blank - Point Blank
2021-05-10 12:11:13,031 [DEBUG]: pre-readSheet
2021-05-10 12:11:13,058 [DEBUG]: URL being requested: GET https://sheets.googleapis.com/v4/spreadsheets/1pKLuJgnXrOUXp-1hzJaaWJAqsU6U3VMax-i2n2zeSDM/values/Team%20Assignments%21F33?alt=json
2021-05-10 12:11:13,385 [DEBUG]: post-readSheet Point Blank
2021-05-10 12:11:13,399 [DEBUG]: new_auth_plugin: caching_sha2_password
2021-05-10 12:11:13,399 [DEBUG]: # request: b'\xc0eI\xcf\xbc\xbbn\xf50v\x87\x10\xbbOa\xfa\x8e\x02\xac\x97' size: 20
2021-05-10 12:11:13,399 [DEBUG]: # server response packet: bytearray(b'\x07\x00\x00\x05\x00\x00\x00\x02\x00\x00\x00')
2021-05-10 12:11:13,401 [DEBUG]: Query executed successfully: ** SELECT `nid`,`title` FROM drupal.node where title like "%Point Blank%"; 
2021-05-10 12:11:13,414 [DEBUG]: new_auth_plugin: caching_sha2_password
2021-05-10 12:11:13,415 [DEBUG]: # request: b'\xc0\xf7j\xe2\xaf\x82\x89\te8\x99\xcf\r]\xca^eB\x0c?' size: 20
2021-05-10 12:11:13,415 [DEBUG]: # server response packet: bytearray(b'\x07\x00\x00\x05\x00\x00\x00\x02\x00\x00\x00')
2021-05-10 12:11:13,416 [DEBUG]: Query executed successfully: ** SELECT `changed` FROM drupal.comment where nid=701 ORDER BY changed DESC; 
2021-05-10 12:11:13,417 [DEBUG]: Point Blank - Point Blank
2021-05-10 12:11:23,418 [DEBUG]: pre-readSheet
2021-05-10 12:11:23,445 [DEBUG]: URL being requested: GET https://sheets.googleapis.com/v4/spreadsheets/1pKLuJgnXrOUXp-1hzJaaWJAqsU6U3VMax-i2n2zeSDM/values/Team%20Assignments%21F33?alt=json
2021-05-10 12:11:23,760 [DEBUG]: post-readSheet Point Blank
2021-05-10 12:11:23,774 [DEBUG]: new_auth_plugin: caching_sha2_password
2021-05-10 12:11:23,774 [DEBUG]: # request: b'fN\xea\x9e\xbc\x0b\x1e\xc3\xb5kJ\xa1\xc4VE\x87\xf9c\xb1m' size: 20
2021-05-10 12:11:23,774 [DEBUG]: # server response packet: bytearray(b'\x07\x00\x00\x05\x00\x00\x00\x02\x00\x00\x00')
2021-05-10 12:11:23,776 [DEBUG]: Query executed successfully: ** SELECT `nid`,`title` FROM drupal.node where title like "%Point Blank%"; 
2021-05-10 12:11:23,790 [DEBUG]: new_auth_plugin: caching_sha2_password
2021-05-10 12:11:23,790 [DEBUG]: # request: b'\xefy\xb5\xdb\xf1U7\xf3CMn\xae*\xb8\x899\xb8\xb3\x03\xdf' size: 20
2021-05-10 12:11:23,790 [DEBUG]: # server response packet: bytearray(b'\x07\x00\x00\x05\x00\x00\x00\x02\x00\x00\x00')
2021-05-10 12:11:23,791 [DEBUG]: Query executed successfully: ** SELECT `changed` FROM drupal.comment where nid=701 ORDER BY changed DESC; 
2021-05-10 12:11:23,792 [DEBUG]: Point Blank - Point Blank
2021-05-10 12:11:33,793 [DEBUG]: pre-readSheet
2021-05-10 12:11:33,818 [DEBUG]: URL being requested: GET https://sheets.googleapis.com/v4/spreadsheets/1pKLuJgnXrOUXp-1hzJaaWJAqsU6U3VMax-i2n2zeSDM/values/Team%20Assignments%21F33?alt=json
2021-05-10 12:11:34,141 [DEBUG]: post-readSheet Point Blank
2021-05-10 12:11:34,154 [DEBUG]: new_auth_plugin: caching_sha2_password
2021-05-10 12:11:34,154 [DEBUG]: # request: b'~\x83g7\xfff\xb6\xf40\xa0\xeb?\x91\xc9K\xb9\xe3\xd5\xc7\x0e' size: 20
2021-05-10 12:11:34,155 [DEBUG]: # server response packet: bytearray(b'\x07\x00\x00\x05\x00\x00\x00\x02\x00\x00\x00')
2021-05-10 12:11:34,156 [DEBUG]: Query executed successfully: ** SELECT `nid`,`title` FROM drupal.node where title like "%Point Blank%"; 
2021-05-10 12:11:34,169 [DEBUG]: new_auth_plugin: caching_sha2_password
2021-05-10 12:11:34,170 [DEBUG]: # request: b']\xdf\x97\x9al\x14\x96\x96\xcb\xe4<\xfc\x88\x9fu.h=\xf4\xf7' size: 20
2021-05-10 12:11:34,170 [DEBUG]: # server response packet: bytearray(b'\x07\x00\x00\x05\x00\x00\x00\x02\x00\x00\x00')
2021-05-10 12:11:34,171 [DEBUG]: Query executed successfully: ** SELECT `changed` FROM drupal.comment where nid=701 ORDER BY changed DESC; 
2021-05-10 12:11:34,172 [DEBUG]: Point Blank - Point Blank
2021-05-10 12:11:44,173 [DEBUG]: pre-readSheet
2021-05-10 12:11:44,200 [DEBUG]: URL being requested: GET https://sheets.googleapis.com/v4/spreadsheets/1pKLuJgnXrOUXp-1hzJaaWJAqsU6U3VMax-i2n2zeSDM/values/Team%20Assignments%21F33?alt=json
2021-05-10 12:11:44,520 [DEBUG]: post-readSheet Point Blank
2021-05-10 12:11:44,535 [DEBUG]: new_auth_plugin: caching_sha2_password
2021-05-10 12:11:44,535 [DEBUG]: # request: b'\x16\xeaauA\xf0\xb1\xf0>\xca\x1e(W*\x9f\xc8D\xe5\x90N' size: 20
2021-05-10 12:11:44,535 [DEBUG]: # server response packet: bytearray(b'p\x00\x00\x05\xffF\x07#HY000Your password has expired. To log in you must change it using a client that supports expired passwords.')
2021-05-10 12:11:44,542 [ERROR]: Failed performing query 1862 (HY000): Your password has expired. To log in you must change it using a client that supports expired passwords.
Traceback (most recent call last):
  File "sheetFiller.py", line 237, in <module>
    main()
  File "sheetFiller.py", line 234, in main
    checker(service, contractName, nid, numberOfComments)
  File "sheetFiller.py", line 69, in checker
    contractList = get_from_db(query)
  File "C:\Theseus\Tools\assignments_filler\DB_call.py", line 69, in get_from_db
    if(connection.is_connected()):
UnboundLocalError: local variable 'connection' referenced before assignment

C:\Theseus\Tools\assignments_filler>venv\Scripts\activate.bat   && python sheetFiller.py   && deactivate
2021-05-10 12:11:45,239 [DEBUG]: URL being requested: GET https://sheets.googleapis.com/v4/spreadsheets/1pKLuJgnXrOUXp-1hzJaaWJAqsU6U3VMax-i2n2zeSDM/values/Team%20Assignments%21F33?alt=json
2021-05-10 12:11:45,794 [DEBUG]: new_auth_plugin: caching_sha2_password
2021-05-10 12:11:45,794 [DEBUG]: # request: b'\xdd\xf7)\xa4\x82\x19Yf\xeeg\x0c\xc1\x93\x7f\xe2 \xa5\xd5w~' size: 20
2021-05-10 12:11:45,794 [DEBUG]: # server response packet: bytearray(b'p\x00\x00\x05\xffF\x07#HY000Your password has expired. To log in you must change it using a client that supports expired passwords.')
2021-05-10 12:11:45,797 [ERROR]: Failed performing query 1862 (HY000): Your password has expired. To log in you must change it using a client that supports expired passwords.
Traceback (most recent call last):
  File "sheetFiller.py", line 237, in <module>
    main()
  File "sheetFiller.py", line 227, in main
    contractList = get_from_db(query)
  File "C:\Theseus\Tools\assignments_filler\DB_call.py", line 69, in get_from_db
    if(connection.is_connected()):
UnboundLocalError: local variable 'connection' referenced before assignment

C:\Theseus\Tools\assignments_filler>venv\Scripts\activate.bat   && python sheetFiller.py   && deactivate
2021-05-10 12:11:48,466 [DEBUG]: URL being requested: GET https://sheets.googleapis.com/v4/spreadsheets/1pKLuJgnXrOUXp-1hzJaaWJAqsU6U3VMax-i2n2zeSDM/values/Team%20Assignments%21F33?alt=json
2021-05-10 12:11:48,838 [DEBUG]: new_auth_plugin: caching_sha2_password
2021-05-10 12:11:48,839 [DEBUG]: # request: b'\xdb\x0e\xf2q&\xc3\x19\x1e\x01\x96*\xe9Z\x16\x0f\x8d\x84.\xba\xe9' size: 20
2021-05-10 12:11:48,839 [DEBUG]: # server response packet: bytearray(b'p\x00\x00\x05\xffF\x07#HY000Your password has expired. To log in you must change it using a client that supports expired passwords.')
2021-05-10 12:11:48,841 [ERROR]: Failed performing query 1862 (HY000): Your password has expired. To log in you must change it using a client that supports expired passwords.
Traceback (most recent call last):
  File "sheetFiller.py", line 237, in <module>
    main()
  File "sheetFiller.py", line 227, in main
    contractList = get_from_db(query)
  File "C:\Theseus\Tools\assignments_filler\DB_call.py", line 69, in get_from_db
    if(connection.is_connected()):
UnboundLocalError: local variable 'connection' referenced before assignment

C:\Theseus\Tools\assignments_filler>venv\Scripts\activate.bat   && python sheetFiller.py   && deactivate
2021-05-10 12:11:53,513 [DEBUG]: URL being requested: GET https://sheets.googleapis.com/v4/spreadsheets/1pKLuJgnXrOUXp-1hzJaaWJAqsU6U3VMax-i2n2zeSDM/values/Team%20Assignments%21F33?alt=json
2021-05-10 12:11:53,902 [DEBUG]: new_auth_plugin: caching_sha2_password
2021-05-10 12:11:53,902 [DEBUG]: # request: b'\x8f\xdf\xdd\xb2\x1fb\xe6\xfe\xc2\x8f|\xd2o\x95\x91\xba\x99w \xb2' size: 20
2021-05-10 12:11:53,902 [DEBUG]: # server response packet: bytearray(b'p\x00\x00\x05\xffF\x07#HY000Your password has expired. To log in you must change it using a client that supports expired passwords.')
2021-05-10 12:11:53,905 [ERROR]: Failed performing query 1862 (HY000): Your password has expired. To log in you must change it using a client that supports expired passwords.
Traceback (most recent call last):
  File "sheetFiller.py", line 237, in <module>
    main()
  File "sheetFiller.py", line 227, in main
    contractList = get_from_db(query)
  File "C:\Theseus\Tools\assignments_filler\DB_call.py", line 69, in get_from_db
    if(connection.is_connected()):
UnboundLocalError: local variable 'connection' referenced before assignment

C:\Theseus\Tools\assignments_filler>venv\Scripts\activate.bat   && python sheetFiller.py   && deactivate
2021-05-10 12:12:02,595 [DEBUG]: URL being requested: GET https://sheets.googleapis.com/v4/spreadsheets/1pKLuJgnXrOUXp-1hzJaaWJAqsU6U3VMax-i2n2zeSDM/values/Team%20Assignments%21F33?alt=json
2021-05-10 12:12:02,982 [DEBUG]: new_auth_plugin: caching_sha2_password
2021-05-10 12:12:02,982 [DEBUG]: # request: b"\xe7\xde\x91o\xe0\x81\x96\x86\xb4]\xb6\xea\xf9\xbaHD\x91'\xc9q" size: 20
2021-05-10 12:12:02,983 [DEBUG]: # server response packet: bytearray(b'p\x00\x00\x05\xffF\x07#HY000Your password has expired. To log in you must change it using a client that supports expired passwords.')
2021-05-10 12:12:02,985 [ERROR]: Failed performing query 1862 (HY000): Your password has expired. To log in you must change it using a client that supports expired passwords.
Traceback (most recent call last):
  File "sheetFiller.py", line 237, in <module>
    main()
  File "sheetFiller.py", line 227, in main
    contractList = get_from_db(query)
  File "C:\Theseus\Tools\assignments_filler\DB_call.py", line 69, in get_from_db
    if(connection.is_connected()):
UnboundLocalError: local variable 'connection' referenced before assignment

C:\Theseus\Tools\assignments_filler>venv\Scripts\activate.bat   && python sheetFiller.py   && deactivate
2021-05-10 12:12:19,657 [DEBUG]: URL being requested: GET https://sheets.googleapis.com/v4/spreadsheets/1pKLuJgnXrOUXp-1hzJaaWJAqsU6U3VMax-i2n2zeSDM/values/Team%20Assignments%21F33?alt=json
2021-05-10 12:12:20,051 [DEBUG]: new_auth_plugin: caching_sha2_password
2021-05-10 12:12:20,051 [DEBUG]: # request: b'\xca`\x9e\xc8\xddgd\xf8U\x99\x86\xf5\xef\xa4T\x06\xa7_B\xf4' size: 20
2021-05-10 12:12:20,051 [DEBUG]: # server response packet: bytearray(b'p\x00\x00\x05\xffF\x07#HY000Your password has expired. To log in you must change it using a client that supports expired passwords.')
2021-05-10 12:12:20,054 [ERROR]: Failed performing query 1862 (HY000): Your password has expired. To log in you must change it using a client that supports expired passwords.
Traceback (most recent call last):
  File "sheetFiller.py", line 237, in <module>
    main()
  File "sheetFiller.py", line 227, in main
    contractList = get_from_db(query)
  File "C:\Theseus\Tools\assignments_filler\DB_call.py", line 69, in get_from_db
    if(connection.is_connected()):
UnboundLocalError: local variable 'connection' referenced before assignment

C:\Theseus\Tools\assignments_filler>venv\Scripts\activate.bat   && python sheetFiller.py   && deactivate
2021-05-10 12:12:52,746 [DEBUG]: URL being requested: GET https://sheets.googleapis.com/v4/spreadsheets/1pKLuJgnXrOUXp-1hzJaaWJAqsU6U3VMax-i2n2zeSDM/values/Team%20Assignments%21F33?alt=json
2021-05-10 12:12:53,141 [DEBUG]: new_auth_plugin: caching_sha2_password
2021-05-10 12:12:53,142 [DEBUG]: # request: b'\x03\xd7\xb0\x06q,\xde\xb6\xbd\xbd\xb9\x85VW\x1bg\xec\xac\x08H' size: 20
2021-05-10 12:12:53,142 [DEBUG]: # server response packet: bytearray(b'p\x00\x00\x05\xffF\x07#HY000Your password has expired. To log in you must change it using a client that supports expired passwords.')
2021-05-10 12:12:53,144 [ERROR]: Failed performing query 1862 (HY000): Your password has expired. To log in you must change it using a client that supports expired passwords.
Traceback (most recent call last):
  File "sheetFiller.py", line 237, in <module>
    main()
  File "sheetFiller.py", line 227, in main
    contractList = get_from_db(query)
  File "C:\Theseus\Tools\assignments_filler\DB_call.py", line 69, in get_from_db
    if(connection.is_connected()):
UnboundLocalError: local variable 'connection' referenced before assignment

C:\Theseus\Tools\assignments_filler>venv\Scripts\activate.bat   && python sheetFiller.py   && deactivate
2021-05-10 12:13:57,839 [DEBUG]: URL being requested: GET https://sheets.googleapis.com/v4/spreadsheets/1pKLuJgnXrOUXp-1hzJaaWJAqsU6U3VMax-i2n2zeSDM/values/Team%20Assignments%21F33?alt=json
2021-05-10 12:13:58,257 [DEBUG]: new_auth_plugin: caching_sha2_password
2021-05-10 12:13:58,257 [DEBUG]: # request: b':\xbb\xe5\xe4\xc2q\xe3\xebW\xad\xc0CK\xc6\x1d\x98\xd7\x07\xd4\x89' size: 20
2021-05-10 12:13:58,257 [DEBUG]: # server response packet: bytearray(b'p\x00\x00\x05\xffF\x07#HY000Your password has expired. To log in you must change it using a client that supports expired passwords.')
2021-05-10 12:13:58,260 [ERROR]: Failed performing query 1862 (HY000): Your password has expired. To log in you must change it using a client that supports expired passwords.
Traceback (most recent call last):
  File "sheetFiller.py", line 237, in <module>
    main()
  File "sheetFiller.py", line 227, in main
    contractList = get_from_db(query)
  File "C:\Theseus\Tools\assignments_filler\DB_call.py", line 69, in get_from_db
    if(connection.is_connected()):
UnboundLocalError: local variable 'connection' referenced before assignment

C:\Theseus\Tools\assignments_filler>venv\Scripts\activate.bat   && python sheetFiller.py   && deactivate
2021-05-10 13:11:04,976 [INFO]: Starting Checker
2021-05-10 13:18:04,351 [INFO]: New contract name detected!
2021-05-10 13:18:04,352 [INFO]: Running Filler
2021-05-10 13:18:04,646 [INFO]: Filled Mission Name : 03 - Hells Bells
2021-05-10 13:18:05,375 [INFO]: Filling List...
2021-05-10 13:18:15,858 [INFO]: Deleting leftovers...
2021-05-10 13:18:16,297 [INFO]: Successfully filled!
2021-05-10 13:18:16,313 [INFO]: Starting Checker
2021-05-10 13:18:37,607 [INFO]: New contract name detected!
2021-05-10 13:18:37,607 [INFO]: Running Filler
2021-05-10 13:18:37,894 [INFO]: Filled Mission Name : Unhappy Campers
2021-05-10 13:18:38,586 [INFO]: Filling List...
2021-05-10 13:18:44,688 [INFO]: Deleting leftovers...
2021-05-10 13:18:51,204 [INFO]: Successfully filled!
2021-05-10 13:18:51,220 [INFO]: Starting Checker
['Andreas Burvald', 'Chris Werthers', 'Mike Smith', 'Zoltn Srkzy', 'Jack Laird', 'John James', 'Ethan McQuade', 'Skye Walker', 'Josh Vee', 'Mikael Falk', 'Tyrone Woods', 'Connor Tiankong', 'Philippe Richards', 'Lszl Kovcs', 'Charley Allen']
[['Recruit'], [], ['Recruit']]
['Chris Werthers', 'Zoltn Srkzy', 'Jack Laird', 'John James', 'Charley Allen', 'Ethan McQuade', 'Philippe Richards', 'Mikael Falk', 'Mick Mathews', 'Omer Sil', 'Earth Kuma', 'Skye Walker', 'Hayes Ackerly', 'Gary Crimbo', 'Joram Davids', 'Tyrone Woods', 'Vladyslav Dragovic', 'Leila Rowe', 'Winston Ng']

empty comment
empty comment
Traceback (most recent call last):
  File "sheetFiller.py", line 235, in <module>
    main()
  File "sheetFiller.py", line 232, in main
    checker(service, contractName, nid, numberOfComments)
  File "sheetFiller.py", line 90, in checker
    filler(service, nameChanged, newContractName, newNID)
  File "sheetFiller.py", line 197, in filler
    checker(service, contractName, nid, numberOfComments)
  File "sheetFiller.py", line 90, in checker
    filler(service, nameChanged, newContractName, newNID)
  File "sheetFiller.py", line 197, in filler
    checker(service, contractName, nid, numberOfComments)
  File "sheetFiller.py", line 89, in checker
    time.sleep(refreshRate)
KeyboardInterrupt

C:\Theseus\Tools\assignments_filler>venv\Scripts\activate.bat   && python sheetFiller.py   && deactivate
2021-05-10 13:21:27,075 [INFO]: Starting Checker
Traceback (most recent call last):
  File "sheetFiller.py", line 235, in <module>
    main()
  File "sheetFiller.py", line 232, in main
    checker(service, contractName, nid, numberOfComments)
  File "sheetFiller.py", line 89, in checker
    time.sleep(refreshRate)
KeyboardInterrupt

C:\Theseus\Tools\assignments_filler>venv\Scripts\activate.bat   && python sheetFiller.py   && deactivate
2021-05-10 13:21:32,022 [INFO]: Starting Checker
2021-05-10 13:21:43,026 [INFO]: A comment was modified/added!
Traceback (most recent call last):
  File "sheetFiller.py", line 235, in <module>
    main()
  File "sheetFiller.py", line 232, in main
    checker(service, contractName, nid, numberOfComments)
  File "sheetFiller.py", line 90, in checker
    filler(service, nameChanged, newContractName, newNID)
UnboundLocalError: local variable 'nameChanged' referenced before assignment

C:\Theseus\Tools\assignments_filler>venv\Scripts\activate.bat   && python sheetFiller.py   && deactivate
2021-05-10 13:21:44,167 [INFO]: Starting Checker
2021-05-10 13:22:26,475 [INFO]: A comment was modified/added!
Traceback (most recent call last):
  File "sheetFiller.py", line 235, in <module>
    main()
  File "sheetFiller.py", line 232, in main
    checker(service, contractName, nid, numberOfComments)
  File "sheetFiller.py", line 90, in checker
    filler(service, nameChanged, newContractName, newNID)
UnboundLocalError: local variable 'nameChanged' referenced before assignment

C:\Theseus\Tools\assignments_filler>venv\Scripts\activate.bat   && python sheetFiller.py   && deactivate
2021-05-10 13:22:27,607 [INFO]: Starting Checker
2021-05-10 13:23:51,673 [INFO]: A comment was modified/added!
Traceback (most recent call last):
  File "sheetFiller.py", line 235, in <module>
    main()
  File "sheetFiller.py", line 232, in main
    checker(service, contractName, nid, numberOfComments)
  File "sheetFiller.py", line 90, in checker
    filler(service, nameChanged, newContractName, newNID)
UnboundLocalError: local variable 'nameChanged' referenced before assignment

C:\Theseus\Tools\assignments_filler>venv\Scripts\activate.bat   && python sheetFiller.py   && deactivate
2021-05-10 13:23:52,793 [INFO]: Starting Checker
Traceback (most recent call last):
  File "sheetFiller.py", line 235, in <module>
    main()
  File "sheetFiller.py", line 232, in main
    checker(service, contractName, nid, numberOfComments)
  File "sheetFiller.py", line 89, in checker
    time.sleep(refreshRate)
KeyboardInterrupt

C:\Theseus\Tools\assignments_filler>venv\Scripts\activate.bat   && python sheetFiller.py   && deactivate
2021-05-10 13:26:45,605 [INFO]: Starting Checker
2021-05-10 13:26:56,544 [INFO]: A comment was modified/added!
Traceback (most recent call last):
  File "sheetFiller.py", line 235, in <module>
    main()
  File "sheetFiller.py", line 232, in main
    checker(service, contractName, nid, numberOfComments)
  File "sheetFiller.py", line 90, in checker
    filler(service, nameChanged, newContractName, newNID)
UnboundLocalError: local variable 'nameChanged' referenced before assignment

C:\Theseus\Tools\assignments_filler>venv\Scripts\activate.bat   && python sheetFiller.py   && deactivate
2021-05-10 13:26:57,766 [INFO]: Starting Checker
2021-05-10 13:27:50,700 [INFO]: New contract name detected!
2021-05-10 13:27:50,700 [INFO]: Running Filler
2021-05-10 13:27:50,971 [INFO]: Filled Mission Name : Point Blank
2021-05-10 13:27:51,819 [INFO]: Filling List...
2021-05-10 13:27:58,791 [INFO]: Deleting leftovers...
2021-05-10 13:28:00,260 [INFO]: Successfully filled!
2021-05-10 13:28:00,275 [INFO]: Starting Checker
['Andreas Burvald', 'Chris Werthers', 'Mike Smith', 'Zoltn Srkzy', 'Jack Laird', 'John James', 'Ethan McQuade', 'Omer Sil', 'Skye Walker', 'Josh Vee', 'Mikael Falk', 'Tyrone Woods', 'Connor Tiankong', 'Philippe Richards', 'Lszl Kovcs', 'Charley Allen']
[['Recruit'], [], ['Recruit']]
Traceback (most recent call last):
  File "sheetFiller.py", line 235, in <module>
    main()
  File "sheetFiller.py", line 232, in main
    checker(service, contractName, nid, numberOfComments)
  File "sheetFiller.py", line 90, in checker
    filler(service, nameChanged, newContractName, newNID)
  File "sheetFiller.py", line 197, in filler
    checker(service, contractName, nid, numberOfComments)
  File "sheetFiller.py", line 89, in checker
    time.sleep(refreshRate)
KeyboardInterrupt

C:\Theseus\Tools\assignments_filler>venv\Scripts\activate.bat   && python sheetFiller.py   && deactivate
2021-05-10 13:35:53,338 [INFO]: Starting Checker
2021-05-10 13:36:04,251 [INFO]: New contract name detected!
2021-05-10 13:36:04,251 [INFO]: Running Filler
2021-05-10 13:36:04,519 [INFO]: Filled Mission Name : Unhappy Campers
2021-05-10 13:36:05,381 [INFO]: Filling List...
2021-05-10 13:36:12,147 [INFO]: Deleting leftovers...
2021-05-10 13:36:12,557 [INFO]: Successfully filled!
2021-05-10 13:36:12,572 [INFO]: Starting Checker
2021-05-10 13:36:23,637 [INFO]: A comment was modified/added!
['Tyrone Woods', 'Omer Sil', 'John James', 'Lszl Kovcs', 'Zoltn Srkzy', 'Leila Rowe', 'Brett Harrison', 'Jack Laird', 'Josh Vee', 'Thomas Lyseth', 'Skye Walker', 'Joram Davids', 'Ian Pierce', 'Charley Allen', 'Mick Mathews']

empty comment
empty comment
Traceback (most recent call last):
  File "sheetFiller.py", line 235, in <module>
    main()
  File "sheetFiller.py", line 232, in main
    checker(service, contractName, nid, numberOfComments)
  File "sheetFiller.py", line 90, in checker
    filler(service, nameChanged, newContractName, newNID)
  File "sheetFiller.py", line 197, in filler
    checker(service, contractName, nid, numberOfComments)
  File "sheetFiller.py", line 90, in checker
    filler(service, nameChanged, newContractName, newNID)
UnboundLocalError: local variable 'nameChanged' referenced before assignment

C:\Theseus\Tools\assignments_filler>venv\Scripts\activate.bat   && python sheetFiller.py   && deactivate
2021-05-10 13:36:24,843 [INFO]: Starting Checker
Traceback (most recent call last):
  File "sheetFiller.py", line 235, in <module>
    
  File "sheetFiller.py", line 232, in main
    numberOfComments = len(commentList)
  File "sheetFiller.py", line 89, in checker
    #print ("looping")
KeyboardInterrupt

C:\Theseus\Tools\assignments_filler>venv\Scripts\activate.bat   && python sheetFiller.py   && deactivate
2021-05-10 13:41:54,277 [INFO]: Starting Checker
2021-05-10 13:42:15,723 [INFO]: A comment was modified!
Traceback (most recent call last):
  File "sheetFiller.py", line 237, in <module>
    main()
  File "sheetFiller.py", line 234, in main
    checker(service, contractName, nid, numberOfComments)
  File "sheetFiller.py", line 92, in checker
    filler(service, nameChanged, newContractName, newNID)
UnboundLocalError: local variable 'nameChanged' referenced before assignment

C:\Theseus\Tools\assignments_filler>venv\Scripts\activate.bat   && python sheetFiller.py   && deactivate
2021-05-10 13:42:16,909 [INFO]: Starting Checker
